******************************************************************************
                  TI ARM Linker PC v18.1.3                     
******************************************************************************
>> Linked Sun Mar 24 21:04:56 2019

OUTPUT FILE NAME:   <ble5_wscale_peripheral_cc2652rblp_app.out>
ENTRY POINT SYMBOL: "ResetISR"  address: 0000eea9


MEMORY CONFIGURATION

         name            origin    length      used     unused   attr    fill
----------------------  --------  ---------  --------  --------  ----  --------
  FLASH                 00000000   00056000  00019ff4  0003c00c  R  X
  FLASH_LAST_PAGE       00056000   00002000  00000058  00001fa8  R  X
  RTOS_SRAM             20000000   0000012c  000000e4  00000048  RW X
  SRAM                  20000fdf   00013021  000023a7  00010c7a  RW X


SEGMENT ALLOCATION MAP

run origin  load origin   length   init length attrs members
----------  ----------- ---------- ----------- ----- -------
00000000    00000000    00015ff8   00015ff8    r-x
  00000000    00000000    0000003c   0000003c    r-- .resetVecs
  0000003c    0000003c    00013f78   00013f78    r-x .text
  00013fb4    00013fb4    00001aec   00001aec    r-- .const
  00015aa0    00015aa0    000000c4   000000c4    r-- .rodata
  00015b68    00015b68    00000490   00000490    r-- .cinit
00048000    00048000    00004000   00000000    rw-
  00048000    00048000    00004000   00000000    rw- .TI.bound:flashBuf
00057fa8    00057fa8    00000058   00000058    r--
  00057fa8    00057fa8    00000058   00000058    r-- .ccfg
20000100    20000100    0000000c   00000000    rw-
  20000100    20000100    00000004   00000000    rw- .data:xdcRomConstPtr
  20000104    20000104    00000004   00000000    rw- .data:xdcRomExternFuncPtr
  20000108    20000108    00000004   00000000    rw- .data:xdcRomStatePtr
20000fe0    20000fe0    00001fa7   00000000    rw-
  20000fe0    20000fe0    00000b6f   00000000    rw- .data
  20001b50    20001b50    00001437   00000000    rw- .bss
20013c00    20013c00    00000400   00000000    rw-
  20013c00    20013c00    00000400   00000000    rw- .stack


SECTION ALLOCATION MAP

 output                                  attributes/
section   page    origin      length       input sections
--------  ----  ----------  ----------   ----------------
.data:xdcRomConstPtr 
*          0    20000100    00000004     UNINITIALIZED
                  20000100    00000004     ble_release_pem4f.oem4f (.data:xdcRomConstPtr)

.data:xdcRomExternFuncPtr 
*          0    20000104    00000004     UNINITIALIZED
                  20000104    00000004     ble_release_pem4f.oem4f (.data:xdcRomExternFuncPtr)

.data:xdcRomStatePtr 
*          0    20000108    00000004     UNINITIALIZED
                  20000108    00000004     ble_release_pem4f.oem4f (.data:xdcRomStatePtr)

.bootVecs 
*          0    00000000    00000008     DSECT
                  00000000    00000008     boot.aem4f : boot.oem4f (.bootVecs)

.resetVecs 
*          0    00000000    0000003c     
                  00000000    0000003c     ble_release_pem4f.oem4f (.resetVecs)

.vecs      0    20000000    000000d8     NOLOAD SECTION
                  20000000    000000d8     ble_release_pem4f.oem4f (.vecs)

xdc.meta   0    00000000    00000121     COPY SECTION
                  00000000    00000121     ble_release_pem4f.oem4f (xdc.meta)

xdc.noload 
*          0    00000000    00000000     COPY SECTION

.cinit     0    00015b68    00000490     
                  00015b68    00000438     (.cinit..data.load) [load image, compression = lzss]
                  00015fa0    0000000c     (__TI_handler_table)
                  00015fac    00000004     --HOLE-- [fill = 0]
                  00015fb0    00000008     (.cinit..bss.load) [load image, compression = zero_init]
                  00015fb8    00000008     (.cinit..data:xdcRomConstPtr.load) [load image, compression = lzss]
                  00015fc0    00000008     (.cinit..data:xdcRomExternFuncPtr.load) [load image, compression = lzss]
                  00015fc8    00000008     (.cinit..data:xdcRomStatePtr.load) [load image, compression = lzss]
                  00015fd0    00000028     (__TI_cinit_table)

.init_array 
*          0    00000000    00000000     UNINITIALIZED

.TI.bound:flashBuf 
*          0    00048000    00004000     UNINITIALIZED
                  00048000    00004000     CC2652RB_LAUNCHXL.obj (.TI.bound:flashBuf)

.ccfg      0    00057fa8    00000058     
                  00057fa8    00000058     ccfg_app_ble.obj (.ccfg:retain)

.data      0    20000fe0    00000b6f     UNINITIALIZED
                  20000fe0    00000130     devinfoservice.obj (.data:devInfoAttrTbl)
                  20001110    0000010c     ble_release_pem4f.oem4f (.data:ROM_stateStruct)
                  2000121c    00000100     ble5_wscale_peripheral_cc2652rblp_stack_library.lib : gapbondmgr.obj (.data:$O1$$)
                  2000131c    000000ec     drivers_cc26x2.aem4f : PowerCC26X2.oem4f (.data:PowerCC26X2_module)
                  20001408    00000090     profiles_pxxx.a : gapgattserver.o (.data)
                  20001498    0000007c     ble5_wscale_peripheral_cc2652rblp_stack_library.lib : osal_cbtimer.obj (.data:$O1$$)
                  20001514    00000050     ll_pxxx.a : ll_config.o (.data)
                  20001564    0000004c     ble_release_pem4f.oem4f (.data:ti_sysbios_knl_Task_Object__table__V)
                  200015b0    00000048     ble_release_pem4f.oem4f (.data:ti_sysbios_family_arm_cc26xx_Timer_Object__table__V)
                  200015f8    00000040     WeighScaleService.obj (.data:WeighScaleServiceAttrTbl)
                  20001638    00000040     simple_peripheral_menu.obj (.data:spMenuConnPhy)
                  20001678    00000038     ble_release_pem4f.oem4f (.data:ti_sysbios_gates_GateMutex_Object__table__V)
                  200016b0    00000030     ble_release_pem4f.oem4f (.data:ti_sysbios_knl_Swi_Module_State_0_readyQ__A)
                  200016e0    00000030     ble_release_pem4f.oem4f (.data:ti_sysbios_knl_Swi_Object__table__V)
                  20001710    00000030     ble_release_pem4f.oem4f (.data:ti_sysbios_knl_Task_Module_State_0_readyQ__A)
                  20001740    00000028     ble5_wscale_peripheral_cc2652rblp_stack_library.lib : osal.obj (.data:$O1$$)
                  20001768    00000028     icall_user_config.obj (.data:nvintfFncStruct)
                  20001790    00000028     simple_peripheral_menu.obj (.data:spMenuAutoConnect)
                  200017b8    00000020     ble_user_config.obj (.data:eccParams_NISTP256)
                  200017d8    00000020     simple_peripheral_menu.obj (.data:spMenuMain)
                  200017f8    00000020     simple_peripheral_menu.obj (.data:spMenuSelectConn)
                  20001818    00000020     ble_release_pem4f.oem4f (.data:ti_sysbios_knl_Clock_Object__table__V)
                  20001838    00000020     ble_release_pem4f.oem4f (.data:xdc_runtime_Error_IgnoreBlock)
                  20001858    0000001c     icall.obj (.data)
                  20001874    00000019     simple_peripheral.obj (.data:scanRspData)
                  2000188d    00000002     drivers_cc26x2.aem4f : CryptoResourceCC26XX.oem4f (.data)
                  2000188f    00000001     TRNGCC26XX.obj (.data)
                  20001890    00000018     simple_peripheral_menu.obj (.data:spMenuPerConn)
                  200018a8    00000018     ble_release_pem4f.oem4f (.data:ti_sysbios_family_arm_m3_Hwi_Object__table__V)
                  200018c0    00000015     simple_peripheral.obj (.data:attDeviceName)
                  200018d5    00000015     devinfoservice.obj (.data:devInfoFirmwareRev)
                  200018ea    00000015     devinfoservice.obj (.data:devInfoHardwareRev)
                  200018ff    00000015     devinfoservice.obj (.data:devInfoMfrName)
                  20001914    00000015     devinfoservice.obj (.data:devInfoModelNumber)
                  20001929    00000015     devinfoservice.obj (.data:devInfoSerialNumber)
                  2000193e    00000015     devinfoservice.obj (.data:devInfoSoftwareRev)
                  20001953    00000001     simple_peripheral.obj (.data:argPeriodic)
                  20001954    00000010     icall_user_config.obj (.data:bleAppServiceInfoTable)
                  20001964    00000010     icall_api_lite.obj (.data)
                  20001974    00000010     ll_pxxx.a : ll.o (.data)
                  20001984    00000010               : ll_data.o (.data)
                  20001994    00000010     profiles_pxxx.a : gattservapp.o (.data)
                  200019a4    00000010     main.obj (.data:user0Cfg)
                  200019b4    0000000e     devinfoservice.obj (.data:defaultDevInfo11073Cert)
                  200019c2    00000002     drivers_cc26x2.aem4f : PKAResourceCC26XX.oem4f (.data)
                  200019c4    0000000e     devinfoservice.obj (.data)
                  200019d2    0000000e     WeighScaleService.obj (.data:ws_DataDesc)
                  200019e0    0000000c     hx711.obj (.data:hx711PinTable)
                  200019ec    0000000c     board_key.obj (.data:keyPinsCfg)
                  200019f8    0000000c     ble_user_config.obj (.data:pOverridesCoded)
                  20001a04    0000000c     ble_release_pem4f.oem4f (.data:ti_sysbios_heaps_HeapCallback_Object__table__V)
                  20001a10    0000000b     simple_peripheral.obj (.data:advertData)
                  20001a1b    00000001     simple_peripheral.obj (.data:argRpaRead)
                  20001a1c    00000009     hx711.obj (.data)
                  20001a25    00000001     drivers_cc26x2.aem4f : AESCCMCC26XX.oem4f (.data)
                  20001a26    00000002     ble_release_pem4f.oem4f (.data:ti_sysbios_family_arm_m3_Hwi_Module_State_0_excActive__A)
                  20001a28    00000008     ble5_wscale_peripheral_cc2652rblp_stack_library.lib : hal_assert.obj (.data:$O1$$)
                  20001a30    00000008                                                         : osal_clock.obj (.data:$O1$$)
                  20001a38    00000008     rtsv7M4_T_le_v4SPD16_eabi.lib : _lock.c.obj (.data:$O1$$)
                  20001a40    00000008     simple_peripheral.obj (.data:SimplePeripheral_BondMgrCBs)
                  20001a48    00000008     devinfoservice.obj (.data:devInfoSystemId)
                  20001a50    00000008     drivers_cc26x2.aem4f : PINCC26XX.oem4f (.data)
                  20001a58    00000008     icall_cc2650.obj (.data)
                  20001a60    00000008     ble_user_config.obj (.data:pOverridesCommon)
                  20001a68    00000008     profiles_pxxx.a : gapgattserver.o (.data)
                  20001a70    00000008     simple_peripheral.obj (.data)
                  20001a78    00000008     ble_release_pem4f.oem4f (.data:ti_sysbios_family_arm_m3_Hwi_Module__root__V)
                  20001a80    00000008     ble_release_pem4f.oem4f (.data:ti_sysbios_gates_GateHwi_Module__root__V)
                  20001a88    00000008     ble_release_pem4f.oem4f (.data:ti_sysbios_gates_GateMutexPri_Module__root__V)
                  20001a90    00000008     ble_release_pem4f.oem4f (.data:ti_sysbios_gates_GateMutex_Module__root__V)
                  20001a98    00000008     ble_release_pem4f.oem4f (.data:ti_sysbios_hal_Hwi_Module__root__V)
                  20001aa0    00000008     ble_release_pem4f.oem4f (.data:ti_sysbios_heaps_HeapCallback_Module__root__V)
                  20001aa8    00000008     ble_release_pem4f.oem4f (.data:ti_sysbios_heaps_HeapMem_Module__root__V)
                  20001ab0    00000008     ble_release_pem4f.oem4f (.data:ti_sysbios_knl_Clock_Module__root__V)
                  20001ab8    00000008     ble_release_pem4f.oem4f (.data:ti_sysbios_knl_Event_Module__root__V)
                  20001ac0    00000008     ble_release_pem4f.oem4f (.data:ti_sysbios_knl_Mailbox_Module__root__V)
                  20001ac8    00000008     ble_release_pem4f.oem4f (.data:ti_sysbios_knl_Queue_Module__root__V)
                  20001ad0    00000008     ble_release_pem4f.oem4f (.data:ti_sysbios_knl_Semaphore_Module__root__V)
                  20001ad8    00000008     ble_release_pem4f.oem4f (.data:ti_sysbios_knl_Swi_Module__root__V)
                  20001ae0    00000008     ble_release_pem4f.oem4f (.data:ti_sysbios_knl_Task_Module__root__V)
                  20001ae8    00000008     two_btn_menu.obj (.data)
                  20001af0    00000007     devinfoservice.obj (.data:devInfoPnpId)
                  20001af7    00000001     drivers_cc26x2.aem4f : AESECBCC26XX.oem4f (.data)
                  20001af8    00000006     nvoctp.obj (.data)
                  20001afe    00000006     simple_peripheral.obj (.data:phy$3)
                  20001b04    00000006     simple_peripheral.obj (.data:rpa)
                  20001b0a    00000001     drivers_cc26x2.aem4f : ECDHCC26X2.oem4f (.data)
                  20001b0b    00000001                          : NVS.oem4f (.data)
                  20001b0c    00000005     WeighScaleService.obj (.data)
                  20001b11    00000001     drivers_cc26x2.aem4f : UART.oem4f (.data)
                  20001b12    00000001     ll_pxxx.a : ll_scheduler.o (.data)
                  20001b13    00000001     profiles_pxxx.a : gapgattserver.o (.data)
                  20001b14    00000004     ble5_wscale_peripheral_cc2652rblp_stack_library.lib : gap.obj (.data:$O1$$)
                  20001b18    00000004                                                         : osal_pwrmgr.obj (.data:$O1$$)
                  20001b1c    00000004     icall.obj (.data:ICall_initParams)
                  20001b20    00000004     WeighScaleService.obj (.data:WeighScaleService_WeighScaleValueVal)
                  20001b24    00000004     ble5_wscale_peripheral_cc2652rblp_stack_library.lib : ble_user_config.obj (.data)
                  20001b28    00000004                                                         : osal_bufmgr.obj (.data)
                  20001b2c    00000004     ble_user_config.obj (.data)
                  20001b30    00000004     board_key.obj (.data)
                  20001b34    00000004     ble_user_config.obj (.data:pOverrides1Mbps)
                  20001b38    00000004     ble_user_config.obj (.data:pOverrides2Mbps)
                  20001b3c    00000004     rtsv7M4_T_le_v4SPD16_eabi.lib : stkdepth_vars.c.obj (.data)
                  20001b40    00000004     ble_release_pem4f.oem4f (.data:ti_sysbios_family_arm_m3_Hwi_Module_State_0_excContext__A)
                  20001b44    00000004     ble_release_pem4f.oem4f (.data:ti_sysbios_family_arm_m3_Hwi_Module_State_0_excStack__A)
                  20001b48    00000004     ble_release_pem4f.oem4f (.data:ti_sysbios_knl_Task_Module_State_0_idleTask__A)
                  20001b4c    00000001     profiles_pxxx.a : gapgattserver.o (.data)
                  20001b4d    00000001                     : gapgattserver.o (.data)
                  20001b4e    00000001                     : gapgattserver.o (.data)

.bss       0    20001b50    00001437     UNINITIALIZED
                  20001b50    00000400     (.common:spTaskStack)
                  20001f50    00000300     ble_release_pem4f.oem4f (.bss:taskStackSection)
                  20002250    00000250     (.common:uartCC26XXObjects)
                  200024a0    00000200     rf_multiMode_cc26x2.aem4f : RFCC26X2_multiMode.oem4f (.bss:RF_cmdPool)
                  200026a0    000000d8     (.common:ti_sysbios_family_arm_m3_Hwi_dispatchTable)
                  20002778    000000c0     simple_peripheral.obj (.bss:connList)
                  20002838    00000080     CC2652RB_LAUNCHXL.obj (.bss:uartStringBuf)
                  200028b8    0000007c     (.common:pinHandleTable)
                  20002934    00000004     drivers_cc26x2.aem4f : ECDHCC26X2.oem4f (.bss)
                  20002938    00000068     rf_multiMode_cc26x2.aem4f : RFCC26X2_multiMode.oem4f (.bss:RF_ratModule)
                  200029a0    00000050     (.common:spTask)
                  200029f0    00000048     icall.obj (.bss:ICall_entities)
                  20002a38    00000040     (.common:uartCC26XXRingBuffer)
                  20002a78    00000034     rf_multiMode_cc26x2.aem4f : RFCC26X2_multiMode.oem4f (.bss:RF_swiFsmObj)
                  20002aac    00000034                               : RFCC26X2_multiMode.oem4f (.bss:RF_swiHwObj)
                  20002ae0    00000034     drivers_cc26x2.aem4f : PINCC26XX.oem4f (.bss:pinSwi)
                  20002b14    00000028     rf_multiMode_cc26x2.aem4f : RFCC26X2_multiMode.oem4f (.bss:RF_Sch)
                  20002b3c    00000028     (.common:nvFptrs)
                  20002b64    00000024     icall.obj (.bss:ICall_tasks)
                  20002b88    00000024     rf_multiMode_cc26x2.aem4f : RFCC26X2_multiMode.oem4f (.bss:RF_clkInactivityObj)
                  20002bac    00000024                               : RFCC26X2_multiMode.oem4f (.bss:RF_clkPowerUpObj)
                  20002bd0    00000024     simple_peripheral.obj (.bss:clkPeriodic)
                  20002bf4    00000024     simple_peripheral.obj (.bss:clkRpaRead)
                  20002c18    00000024     board_key.obj (.bss:keyChangeClock)
                  20002c3c    00000020     rf_multiMode_cc26x2.aem4f : RFCC26X2_multiMode.oem4f (.bss:RF_cmdQ)
                  20002c5c    00000020     drivers_cc26x2.aem4f : PINCC26XX.oem4f (.bss:pinGpioConfigTable)
                  20002c7c    00000020     (.common:ecdhCC26X2Objects)
                  20002c9c    0000001c     driverlib.lib : osc.obj (.bss:$O1$$)
                  20002cb8    0000001c     rf_multiMode_cc26x2.aem4f : RFCC26X2_multiMode.oem4f (.bss:RF_hwiCpe0Obj)
                  20002cd4    0000001c                               : RFCC26X2_multiMode.oem4f (.bss:RF_hwiHwObj)
                  20002cf0    0000001c     drivers_cc26x2.aem4f : PINCC26XX.oem4f (.bss:pinHwi)
                  20002d0c    0000001c                          : PINCC26XX.oem4f (.bss:pinSemaphore)
                  20002d28    0000001c     (.common:CryptoResourceCC26XX_accessSemaphore)
                  20002d44    0000001c     (.common:CryptoResourceCC26XX_hwi)
                  20002d60    0000001c     (.common:CryptoResourceCC26XX_operationSemaphore)
                  20002d7c    0000001c     (.common:PKAResourceCC26XX_accessSemaphore)
                  20002d98    0000001c     (.common:PKAResourceCC26XX_hwi)
                  20002db4    0000001c     (.common:PKAResourceCC26XX_operationSemaphore)
                  20002dd0    00000019     nvoctp.obj (.bss)
                  20002de9    00000002     drivers_cc26x2.aem4f : UARTCC26XX.oem4f (.bss)
                  20002deb    00000001     board_key.obj (.bss)
                  20002dec    00000018     profiles_pxxx.a : gapgattserver.o (.bss)
                  20002e04    00000018     (.common:aesccmCC26XXObjects)
                  20002e1c    00000018     (.common:aesecbCC26XXObjects)
                  20002e34    00000016     rf_multiMode_cc26x2.aem4f : RFCC26X2_multiMode.oem4f (.bss)
                  20002e4a    00000002     ll_pxxx.a : ll_slave_end_causes.o (.bss)
                  20002e4c    00000014     rf_multiMode_cc26x2.aem4f : RFCC26X2_multiMode.oem4f (.bss:RF_ratSyncCmd)
                  20002e60    00000014                               : RFCC26X2_multiMode.oem4f (.bss:RF_wakeupNotifyObj)
                  20002e74    00000014     simple_peripheral.obj (.bss)
                  20002e88    00000010     rf_multiMode_cc26x2.aem4f : RFCC26X2_multiMode.oem4f (.bss:RF_core)
                  20002e98    00000010     util.obj (.bss:str$1)
                  20002ea8    0000000c     ble5_wscale_peripheral_cc2652rblp_stack_library.lib : osal_timers.obj (.bss:$O1$$)
                  20002eb4    0000000c     nvoctp.obj (.bss:NVOCTP_itemBuffer)
                  20002ec0    0000000c     nvoctp.obj (.bss:NVOCTP_nvsAttrs)
                  20002ecc    0000000c     simple_peripheral.obj (.bss:appMsgQueue)
                  20002ed8    0000000c     drivers_cc26x2.aem4f : NVSCC26XX.oem4f (.bss)
                  20002ee4    0000000c     hx711.obj (.bss:hx711PinState)
                  20002ef0    0000000c     icall.obj (.bss)
                  20002efc    0000000c     ll_pxxx.a : ll_scheduler.o (.bss)
                  20002f08    0000000c     (.common:LedpinGpioState)
                  20002f14    0000000c     (.common:displayUartObject)
                  20002f20    0000000c     (.common:keyPins)
                  20002f2c    00000008     simple_peripheral.obj (.bss:paramUpdateList)
                  20002f34    00000008     simple_peripheral.obj (.bss:setPhyCommStatList)
                  20002f3c    00000008     two_btn_menu.obj (.bss)
                  20002f44    00000004     drivers_cc26x2.aem4f : PINCC26XX.oem4f (.bss)
                  20002f48    00000004     hx711.obj (.bss)
                  20002f4c    00000004     ll_pxxx.a : ll.o (.bss)
                  20002f50    00000004     profiles_pxxx.a : gapgattserver.o (.bss)
                  20002f54    00000004     (.common:ClockP_tickPeriod)
                  20002f58    00000004     (.common:HEAPMGR_SIZE)
                  20002f5c    00000004     (.common:LedPinHandle)
                  20002f60    00000004     (.common:PowerCC26XX_swiKey)
                  20002f64    00000004     (.common:PowerCC26XX_taskKey)
                  20002f68    00000004     (.common:hKeyPins)
                  20002f6c    00000004     (.common:nvsCC26xxObjects)
                  20002f70    00000004     (.common:tasksEvents)
                  20002f74    00000004     (.common:trngCC26XXObjects)
                  20002f78    00000002                     : gapgattserver.o (.bss)
                  20002f7a    00000001     hci_tl_none.a : hci_tl.o (.bss)
                  20002f7b    00000001                   : hci_tl.o (.bss)
                  20002f7c    00000001                   : hci_tl.o (.bss)
                  20002f7d    00000001                   : hci_tl.o (.bss)
                  20002f7e    00000001                   : hci_tl.o (.bss)
                  20002f7f    00000001     ll_pxxx.a : ll.o (.bss)
                  20002f80    00000001               : ll_config.o (.bss)
                  20002f81    00000001               : ll_config.o (.bss)
                  20002f82    00000001     profiles_pxxx.a : gapgattserver.o (.bss)
                  20002f83    00000001     (.common:driverlib_release_0_54539)
                  20002f84    00000001     (.common:icall_liteTaskId)
                  20002f85    00000001     (.common:osal_entity)
                  20002f86    00000001     (.common:tbmRowItemLast)

.vtable    0    20002f87    00000000     UNINITIALIZED

.vtable_ram 
*          0    20002f87    00000000     UNINITIALIZED

vtable_ram 
*          0    20002f87    00000000     UNINITIALIZED

.sysmem    0    20002f87    00000000     UNINITIALIZED

.nonretenvar 
*          0    20002f87    00000000     UNINITIALIZED

.stack     0    20013c00    00000400     UNINITIALIZED
                  20013c00    00000400     --HOLE--

.text      0    0000003c    00013f78     
                  0000003c    00000594     simple_peripheral.obj (.text:SimplePeripheral_processGapMessage)
                  000005d0    000004e0     ll_pxxx.a : ll_slave_end_causes.o (.text)
                  00000ab0    000003f0     ble5_wscale_peripheral_cc2652rblp_stack_library.lib : gapbondmgr.obj (.text:GAPBondMgr_ProcessGAPMsg)
                  00000ea0    000003e8     simple_peripheral.obj (.text:SimplePeripheral_processCmdCompleteEvt)
                  00001288    000003b8     rf_multiMode_cc26x2.aem4f : RFCC26X2_multiMode.oem4f (.text:RF_fsmActiveState)
                  00001640    00000398     ll_pxxx.a : ll.o (.text)
                  000019d8    0000032c               : ll_isr.o (.text)
                  00001d04    000002f8               : ll_isr.o (.text)
                  00001ffc    00000260     nvoctp.obj (.text:NVOCTP_compactPage)
                  0000225c    00000258     ll_pxxx.a : ll_ae.o (.text)
                  000024b4    00000254               : ble.o (.text)
                  00002708    0000024c     simple_peripheral.obj (.text:SimplePeripheral_init)
                  00002954    00000238     nvoctp.obj (.text:NVOCTP_initNvApi)
                  00002b8c    00000230     main.obj (.text:AssertHandler)
                  00002dbc    00000230     ll_pxxx.a : ll.o (.text)
                  00002fec    00000230               : ll_scheduler.o (.text)
                  0000321c    00000210               : ll_common.o (.text)
                  0000342c    00000208     ble5_wscale_peripheral_cc2652rblp_stack_library.lib : gapbondmgr.obj (.text:GAPBondMgr_SetParameter)
                  00003634    00000208     ll_pxxx.a : ll_isr.o (.text)
                  0000383c    00000204     profiles_pxxx.a : gattservapp.o (.text)
                  00003a40    00000200     ll_pxxx.a : ll_scheduler.o (.text)
                  00003c40    000001fc     ble5_wscale_peripheral_cc2652rblp_stack_library.lib : gapbondmgr.obj (.text:GAPBondMgr_ProcessEvent)
                  00003e3c    000001f4     devinfoservice.obj (.text:DevInfo_SetParameter)
                  00004030    000001e0     simple_peripheral.obj (.text:SimplePeripheral_doAutoConnect)
                  00004210    000001d8     simple_peripheral.obj (.text:SimplePeripheral_processStackMsg)
                  000043e8    000001d8     ble5_wscale_peripheral_cc2652rblp_stack_library.lib : gapbondmgr.obj (.text:gapBondMgrAddBond)
                  000045c0    000001d4     nvoctp.obj (.text:NVOCTP_writeItem)
                  00004794    000001c8     ble5_wscale_peripheral_cc2652rblp_stack_library.lib : osal.obj (.text:osal_run_system)
                  0000495c    000001c0     drivers_cc26x2.aem4f : PINCC26XX.oem4f (.text:PIN_init)
                  00004b1c    000001bc                          : ECDHCC26X2.oem4f (.text:ECDHCC26X2_runFSM)
                  00004cd8    000001b8     ble5_wscale_peripheral_cc2652rblp_stack_library.lib : gap.obj (.text:GAP_DeviceInit)
                  00004e90    000001ac     drivers_cc26x2.aem4f : PowerCC26X2.oem4f (.text:Power_sleep)
                  0000503c    000001a8     ll_pxxx.a : ll_data.o (.text)
                  000051e4    000001a4               : ll_isr.o (.text)
                  00005388    000001a0     devinfoservice.obj (.text:devInfo_ReadAttrCB)
                  00005528    00000190     rf_multiMode_cc26x2.aem4f : RFCC26X2_multiMode.oem4f (.text:RF_scheduleCmd)
                  000056b8    00000190     drivers_cc26x2.aem4f : PowerCC26X2_calibrateRCOSC.oem4f (.text:calibrateRcoscHf1)
                  00005848    00000190     ll_pxxx.a : ll.o (.text)
                  000059d8    0000018c     drivers_cc26x2.aem4f : PowerCC26X2_calibrateRCOSC.oem4f (.text:runCalibrateFsm)
                  00005b64    00000180     simple_peripheral.obj (.text:SimplePeripheral_processPairState)
                  00005ce4    00000178     profiles_pxxx.a : gattservapp.o (.text)
                  00005e5c    00000170     rf_multiMode_cc26x2.aem4f : RFCC26X2_multiMode.oem4f (.text:RF_getInfo)
                  00005fcc    0000015c     drivers_cc26x2.aem4f : UARTCC26XX.oem4f (.text:UARTCC26XX_open)
                  00006128    00000154                          : UARTCC26XX.oem4f (.text:UARTCC26XX_hwiIntFxn)
                  0000627c    00000150                          : PowerCC26X2.oem4f (.text:Power_init)
                  000063cc    00000140     icall.obj (.text:ICall_waitMatch)
                  0000650c    00000140     simple_peripheral.obj (.text:SimplePeripheral_addConn)
                  0000664c    00000140     ll_pxxx.a : ll_isr.o (.text)
                  0000678c    0000013c     rf_multiMode_cc26x2.aem4f : RFCC26X2_multiMode.oem4f (.text:RF_dispatchNextCmd)
                  000068c8    0000013c     ble5_wscale_peripheral_cc2652rblp_stack_library.lib : gapbondmgr.obj (.text:gapBondMgrAuthenticate)
                  00006a04    00000138     drivers_cc26x2.aem4f : NVSCC26XX.oem4f (.text:NVSCC26XX_write)
                  00006b3c    00000138                          : UARTCC26XX.oem4f (.text:UARTCC26XX_read)
                  00006c74    00000136     rtsv7M4_T_le_v4SPD16_eabi.lib : fd_div_t2.asm.obj (.text)
                  00006daa    00000002     ble5_wscale_peripheral_cc2652rblp_stack_library.lib : common_rom_init.obj (.text:CommonROM_Init)
                  00006dac    00000134     icall.obj (.text:ICall_heapMalloc)
                  00006ee0    00000134     simple_peripheral.obj (.text:SimplePeripheral_menuSwitchCb)
                  00007014    00000130     drivers_cc26x2.aem4f : AESCCMCC26XX.oem4f (.text:AESCCM_startOperation)
                  00007144    00000130     nvoctp.obj (.text:NVOCTP_findItem)
                  00007274    0000012c     rf_multiMode_cc26x2.aem4f : RFCC26X2_multiMode.oem4f (.text:RF_init)
                  000073a0    0000012c     simple_peripheral.obj (.text:SimplePeripheral_updatePHYStat)
                  000074cc    00000128     rf_multiMode_cc26x2.aem4f : RFCC26X2_multiMode.oem4f (.text:RF_abortCmd)
                  000075f4    00000128     simple_peripheral.obj (.text:SimplePeripheral_clearConnListEntry)
                  0000771c    00000124     ll_pxxx.a : ll_scheduler.o (.text)
                  00007840    00000120     rf_multiMode_cc26x2.aem4f : RFCC26X2_multiMode.oem4f (.text:RF_fsmSetupState)
                  00007960    0000011c     nvoctp.obj (.text:NVOCTP_readHeader)
                  00007a7c    00000118     rf_multiMode_cc26x2.aem4f : RFCC26X2_multiMode.oem4f (.text:RF_decodeOverridePointers)
                  00007b94    00000114     sm_pxxx.a : sm_rsppairing.o (.text)
                  00007ca8    0000010c     ble5_wscale_peripheral_cc2652rblp_stack_library.lib : ble_user_config.obj (.text:setBleUserConfig)
                  00007db4    00000108     hx711.obj (.text:HX711_Read)
                  00007ebc    00000108     rf_multiMode_cc26x2.aem4f : RFCC26X2_multiMode.oem4f (.text:RF_fsmPowerUpState)
                  00007fc4    00000108     ll_pxxx.a : ll_common.o (.text)
                  000080cc    00000104     drivers_cc26x2.aem4f : UARTCC26XX.oem4f (.text:UARTCC26XX_write)
                  000081d0    000000fc     nvoctp.obj (.text:NVOCTP_checkItem)
                  000082cc    000000fc     simple_peripheral.obj (.text:SimplePeripheral_processAdvEvent)
                  000083c8    000000f8     drivers_cc26x2.aem4f : AESECBCC26XX.oem4f (.text:AESECB_startOperation)
                  000084c0    000000f8     profiles_pxxx.a : gattservapp.o (.text)
                  000085b8    000000f8     ble_release_pem4f.oem4f (.text:xdc_runtime_System_printfExtend__I)
                  000086b0    000000f4     driverlib.lib : sys_ctrl.obj (.text:NOROM_SysCtrlStandby)
                  000087a4    000000f4     ble5_wscale_peripheral_cc2652rblp_stack_library.lib : gapbondmgr.obj (.text:gapBondMgrEraseBonding)
                  00008898    000000f0     rf_multiMode_cc26x2.aem4f : RFCC26X2_multiMode.oem4f (.text:RF_open)
                  00008988    000000f0     ble5_wscale_peripheral_cc2652rblp_stack_library.lib : osal_timers.obj (.text:osalTimerUpdate)
                  00008a78    000000ec     driverlib.lib : osc.obj (.text:FindPolynomialsAndUpdateGlobals)
                  00008b64    000000e0     drivers_cc26x2.aem4f : PINCC26XX.oem4f (.text:PINCC26XX_setIoCfg)
                  00008c44    000000de     profiles_pxxx.a : gapgattserver.o (.text)
                  00008d22    00000002     display.aem4f : DisplayUart.oem4f (.text:DisplayUartAnsi_init)
                  00008d24    000000dc     ble5_wscale_peripheral_cc2652rblp_stack_library.lib : osal.obj (.text:osal_set_event)
                  00008e00    000000da     rf_multiMode_cc26x2.aem4f : RFCC26X2_multiMode.oem4f (.text:RF_updatePaConfiguration)
                  00008eda    00000002     driverlib.lib : rfc.obj (.text:NOROM_RFCCpePatchReset)
                  00008edc    000000d8     icall.obj (.text:ICall_heapInit)
                  00008fb4    000000d4     icall.obj (.text:ICall_enrollService)
                  00009088    000000d4     rf_multiMode_cc26x2.aem4f : RFCC26X2_multiMode.oem4f (.text:RF_initRadioSetup)
                  0000915c    000000d4                               : RFCC26X2_multiMode.oem4f (.text:RF_pendCmd)
                  00009230    000000d4                               : RFCC26X2_multiMode.oem4f (.text:RF_swiHw)
                  00009304    000000d0     simple_peripheral.obj (.text:SimplePeripheral_processParamUpdate)
                  000093d4    000000d0     ble5_wscale_peripheral_cc2652rblp_stack_library.lib : gapbondmgr.obj (.text:gapBondMgr_LinkEst)
                  000094a4    000000cc     rf_multiMode_cc26x2.aem4f : RFCC26X2_multiMode.oem4f (.text:RF_control)
                  00009570    000000cc                               : RFCC26X2_multiMode.oem4f (.text:RF_hwiCpe0Active)
                  0000963c    000000c8     drivers_cc26x2.aem4f : PowerCC26X2.oem4f (.text:Power_releaseDependency)
                  00009704    000000c8     ll_pxxx.a : ll_scheduler.o (.text)
                  000097cc    000000c4     drivers_cc26x2.aem4f : PowerCC26X2.oem4f (.text:Power_setDependency)
                  00009890    000000c4     profiles_pxxx.a : gapgattserver.o (.text)
                  00009954    000000c0     icall.obj (.text:ICall_setTimer)
                  00009a14    000000c0     nvoctp.obj (.text:NVOCTP_writeItemApi)
                  00009ad4    000000c0     drivers_cc26x2.aem4f : UARTCC26XX.oem4f (.text:UARTCC26XX_initIO)
                  00009b94    000000c0     ll_pxxx.a : ll_data.o (.text)
                  00009c54    000000bc     ble5_wscale_peripheral_cc2652rblp_stack_library.lib : gapbondmgr.obj (.text:GAPBondMgr_FindAddr)
                  00009d10    000000bc     simple_peripheral.obj (.text:SimplePeripheral_doSetConnPhy)
                  00009dcc    000000bc     simple_peripheral.obj (.text:SimplePeripheral_taskFxn)
                  00009e88    000000bc     hci_pxxx.a : hci_event.o (.text)
                  00009f44    000000bc     two_btn_menu.obj (.text:tbm_displayItem)
                  0000a000    000000b8     drivers_cc26x2.aem4f : UARTCC26XX.oem4f (.text:UARTCC26XX_initHw)
                  0000a0b8    000000b4     dpl_cc26x2.aem4f : PowerCC26X2_tirtos.oem4f (.text:PowerCC26XX_standbyPolicy)
                  0000a16c    000000b4     simple_peripheral.obj (.text:SimplePeripheral_processAppMsg)
                  0000a220    000000b4     ll_pxxx.a : ll_scheduler.o (.text)
                  0000a2d4    000000b0     icall.obj (.text:ICall_registerApp)
                  0000a384    000000b0     rf_multiMode_cc26x2.aem4f : RFCC26X2_multiMode.oem4f (.text:RF_corePowerDown)
                  0000a434    000000ac     display.aem4f : DisplayUart.oem4f (.text:DisplayUartAnsi_clearLines)
                  0000a4e0    000000ac     drivers_cc26x2.aem4f : ECDHCC26X2.oem4f (.text:ECDHCC26X2_hwiFxn)
                  0000a58c    000000ac                          : PINCC26XX.oem4f (.text:PIN_open)
                  0000a638    000000ac     TRNGCC26XX.obj (.text:TRNGCC26XX_getNumber)
                  0000a6e4    000000ac     driverlib.lib : setup.obj (.text:TrimAfterColdResetWakeupFromShutDown)
                  0000a790    000000a8     icall.obj (.text:HEAPMGR_GETLARGESTFREEBUF)
                  0000a838    000000a8     icall.obj (.text:ICall_send)
                  0000a8e0    000000a8     icall.obj (.text:ICall_sendServiceComplete)
                  0000a988    000000a8     hci_pxxx.a : hci_data.o (.text)
                  0000aa30    000000a8     icall.obj (.text:icall_directAPI)
                  0000aad8    000000a7     display.aem4f : DisplayUart.oem4f (.text:DisplayUartAnsi_open)
                  0000ab7f    00000001     --HOLE-- [fill = 0]
                  0000ab80    000000a4     icall.obj (.text:ICall_newTask)
                  0000ac24    000000a4     ble5_wscale_peripheral_cc2652rblp_stack_library.lib : osal_cbtimer.obj (.text:cbTimerSetup)
                  0000acc8    000000a4     two_btn_menu.obj (.text:tbm_displayItemPage)
                  0000ad6c    000000a0     icall.obj (.text:ICall_createRemoteTasksAtRuntime)
                  0000ae0c    000000a0     drivers_cc26x2.aem4f : UARTCC26XX.oem4f (.text:UARTCC26XX_writeCancel)
                  0000aeac    000000a0     auto_init.aem4f : auto_init.oem4f (.text)
                  0000af4c    000000a0     ble5_wscale_peripheral_cc2652rblp_stack_library.lib : gapbondmgr.obj (.text:gapBondMgrUpdateCharCfg)
                  0000afec    000000a0     rom_sysbios.aem4f : rom_sysbios.obj (.text:ti_sysbios_knl_Task_setPri__E)
                  0000b08c    0000009f     display.aem4f : DisplayUart.oem4f (.text:DisplayUartAnsi_vprintf)
                  0000b12b    00000001     --HOLE-- [fill = 0]
                  0000b12c    0000009c     board_key.obj (.text:Board_initKeys)
                  0000b1c8    0000009c     nvoctp.obj (.text:NVOCTP_copyItem)
                  0000b264    0000009c     drivers_cc26x2.aem4f : UARTCC26XX.oem4f (.text:UARTCC26XX_swiIntFxn)
                  0000b300    0000009c     rtsv7M4_T_le_v4SPD16_eabi.lib : memcpy_t2.asm.obj (.text)
                  0000b39c    00000098     hx711.obj (.text:HX711_ShiftIn)
                  0000b434    00000098     icall_cc2650.obj (.text:ICallPlatform_pwrUpdActivityCounter)
                  0000b4cc    00000098     driverlib.lib : setup.obj (.text:NOROM_SetupTrimDevice)
                  0000b564    00000098     nvoctp.obj (.text:NVOCTP_readItem)
                  0000b5fc    00000098     ble5_wscale_peripheral_cc2652rblp_stack_library.lib : gapbondmgr.obj (.text:gapBondMgr_syncResolvingList)
                  0000b694    00000098                                                         : osal_cbtimer.obj (.text:osal_CbTimerProcessEvent)
                  0000b72c    00000096     gattservapp_util.obj (.text:GATTServApp_ProcessCCCWriteReq)
                  0000b7c2    00000096     rtsv7M4_T_le_v4SPD16_eabi.lib : ull_div_t2.asm.obj (.text)
                  0000b858    00000094     nvoctp.obj (.text:NVOCTP_doNVCRC)
                  0000b8ec    00000094     gatt_pxxx.a : gatt_server.o (.text)
                  0000b980    00000090     rf_multiMode_cc26x2.aem4f : RFCC26X2_multiMode.oem4f (.text:RF_discardPendCmd)
                  0000ba10    00000090                               : RFCC26X2_multiMode.oem4f (.text:RF_radioOpDoneCb)
                  0000baa0    00000090     util.obj (.text:Util_convertBdAddr2Str)
                  0000bb30    00000090     WeighScaleService.obj (.text:WeighScaleService_WriteAttrCB)
                  0000bbc0    00000090     drivers_cc26x2.aem4f : UARTCC26XX.oem4f (.text:writeTxFifoFlush)
                  0000bc50    0000008c     icall.obj (.text:ICall_getEntityId)
                  0000bcdc    0000008c     ll_pxxx.a : ll_scheduler.o (.text)
                  0000bd68    0000008c     rom_sysbios.aem4f : rom_sysbios.obj (.text:ti_sysbios_gates_GateMutexPri_enter__E)
                  0000bdf4    0000008a     nvoctp.obj (.text:NVOCTP_findOffset)
                  0000be7e    00000002     ble5_wscale_peripheral_cc2652rblp_stack_library.lib : onboard.obj (.text:Onboard_soft_reset)
                  0000be80    00000088     driverlib.lib : osc.obj (.text:NOROM_OSCHF_AttemptToSwitchToXosc)
                  0000bf08    00000088     nvoctp.obj (.text:NVOCTP_write)
                  0000bf90    00000088     rf_multiMode_cc26x2.aem4f : RFCC26X2_multiMode.oem4f (.text:RF_ratFreeChannel)
                  0000c018    00000088     drivers_cc26x2.aem4f : PowerCC26X2_calibrateRCOSC.oem4f (.text:calibrateRcoscHf2)
                  0000c0a0    00000088                          : PowerCC26X2.oem4f (.text:disableLFClockQualifiers)
                  0000c128    00000088                          : PowerCC26X2_calibrateRCOSC.oem4f (.text:updateSubSecInc)
                  0000c1b0    00000084     CC2652RB_LAUNCHXL_fxns.obj (.text:CC2652RB_LAUNCHXL_sendExtFlashByte)
                  0000c234    00000084     icall.obj (.text:ICall_wait)
                  0000c2b8    00000084     simple_peripheral.obj (.text:SimplePeripheral_processGATTMsg)
                  0000c33c    00000084     drivers_cc26x2.aem4f : UARTCC26XX.oem4f (.text:UARTCC26XX_close)
                  0000c3c0    00000084     ble5_wscale_peripheral_cc2652rblp_stack_library.lib : osal.obj (.text:osal_event_send)
                  0000c444    00000080     drivers_cc26x2.aem4f : ECDHCC26X2.oem4f (.text:ECDH_computeSharedSecret)
                  0000c4c4    00000080                          : NVSCC26XX.oem4f (.text:NVSCC26XX_open)
                  0000c544    00000080     simple_peripheral.obj (.text:SimplePeripheral_removeConn)
                  0000c5c4    00000080     ble5_wscale_peripheral_cc2652rblp_stack_library.lib : osal_icall_ble.obj (.text:osalInitTasks)
                  0000c644    00000080     rom_sysbios.aem4f : rom_sysbios.obj (.text:ti_sysbios_family_arm_cc26xx_Timer_start__E)
                  0000c6c4    0000007e     rf_multiMode_cc26x2.aem4f : RFCC26X2_multiMode.oem4f (.text:RF_verifyGap)
                  0000c742    00000002                               : RFCC26X2_multiMode.oem4f (.text:RF_defaultCallback)
                  0000c744    0000007c     drivers_cc26x2.aem4f : PowerCC26X2.oem4f (.text:configureXOSCHF)
                  0000c7c0    0000007a     rtsv7M4_T_le_v4SPD16_eabi.lib : memset_t2.asm.obj (.text)
                  0000c83a    00000002                                   : _lock.c.obj (.text:_nop)
                  0000c83c    00000078     drivers_cc26x2.aem4f : ECDHCC26X2.oem4f (.text:ECDH_generatePublicKey)
                  0000c8b4    00000078     icall.obj (.text:ICall_createRemoteTasks)
                  0000c92c    00000078     nvoctp.obj (.text:NVOCTP_compactNvApi)
                  0000c9a4    00000078     rf_multiMode_cc26x2.aem4f : RFCC26X2_multiMode.oem4f (.text:RF_ratDispatchTime)
                  0000ca1c    00000078     WeighScaleService.obj (.text:WeighScaleService_ReadAttrCB)
                  0000ca94    00000078     profiles_pxxx.a : gattservapp.o (.text)
                  0000cb0c    00000078     two_btn_menu.obj (.text:tbm_buttonRight)
                  0000cb84    00000074     gattservapp_util.obj (.text:GATTServApp_InitCharCfg)
                  0000cbf8    00000074     nvoctp.obj (.text:NVOCTP_readItemApi)
                  0000cc6c    00000074     drivers_cc26x2.aem4f : PowerCC26X2_calibrateRCOSC.oem4f (.text:PowerCC26X2_auxISR)
                  0000cce0    00000074     rf_multiMode_cc26x2.aem4f : RFCC26X2_multiMode.oem4f (.text:RF_issueRadioFreeCb)
                  0000cd54    00000074                               : RFCC26X2_multiMode.oem4f (.text:RF_setInactivityTimeout)
                  0000cdc8    00000074     ble5_wscale_peripheral_cc2652rblp_stack_library.lib : osal.obj (.text:osal_msg_enqueue_push)
                  0000ce3c    00000074     rom_sysbios.aem4f : rom_sysbios.obj (.text:ti_sysbios_gates_GateMutexPri_leave__E)
                  0000ceb0    00000072     rf_multiMode_cc26x2.aem4f : RFCC26X2_multiMode.oem4f (.text:RF_detachOverrides)
                  0000cf22    00000002     drivers_cc26x2.aem4f : PowerCC26X2.oem4f (.text:emptyClockFunc)
                  0000cf24    00000070     driverlib.lib : osc.obj (.text:NOROM_OSC_HPOSCRtcCompensate)
                  0000cf94    00000070                   : rfc.obj (.text:NOROM_RFCAnaDivTxOverride)
                  0000d004    00000070     nvoctp.obj (.text:NVOCTP_erase)
                  0000d074    00000070     rf_multiMode_cc26x2.aem4f : RFCC26X2_multiMode.oem4f (.text:RF_hwiHw)
                  0000d0e4    00000070     ble5_wscale_peripheral_cc2652rblp_stack_library.lib : gapbondmgr.obj (.text:gapBondMgrBondReq)
                  0000d154    00000070     gatt_pxxx.a : gatt_server.o (.text)
                  0000d1c4    00000070     ble5_wscale_peripheral_cc2652rblp_stack_library.lib : osal.obj (.text:osal_msg_receive)
                  0000d234    0000006e     rf_multiMode_cc26x2.aem4f : RFCC26X2_multiMode.oem4f (.text:RF_attachOverrides)
                  0000d2a2    0000006e     gatt_pxxx.a : gatt_server.o (.text)
                  0000d310    0000006e     ll_pxxx.a : ll_common.o (.text)
                  0000d37e    0000006e     rtsv7M4_T_le_v4SPD16_eabi.lib : fd_tos_t2.asm.obj (.text)
                  0000d3ec    0000006e                                   : ll_div_t2.asm.obj (.text)
                  0000d45a    00000002     drivers_cc26x2.aem4f : CryptoResourceCC26XX.oem4f (.text:errorSpin)
                  0000d45c    0000006d     rom_sysbios.aem4f : rom_sysbios.obj (.text:xdc_runtime_System_formatNum__I)
                  0000d4c9    00000001     --HOLE-- [fill = 0]
                  0000d4ca    00000002     drivers_cc26x2.aem4f : PKAResourceCC26XX.oem4f (.text:errorSpin)
                  0000d4cc    0000006c     icall.obj (.text:ICall_init)
                  0000d538    0000006c     nvoctp.obj (.text:NVOCTP_setPageActive)
                  0000d5a4    0000006c     drivers_cc26x2.aem4f : UARTCC26XX.oem4f (.text:UARTCC26XX_readCancel)
                  0000d610    0000006c     ll_pxxx.a : ll_scheduler.o (.text)
                  0000d67c    0000006c     ble5_wscale_peripheral_cc2652rblp_stack_library.lib : osal_cbtimer.obj (.text:osal_CbTimerUpdate)
                  0000d6e8    0000006a     rf_multiMode_cc26x2.aem4f : RFCC26X2_multiMode.oem4f (.text:RF_howToSchedule)
                  0000d752    0000006a     ble5_wscale_peripheral_cc2652rblp_stack_library.lib : gapbondmgr.obj (.text:gapBondMgrEraseLocalInfo)
                  0000d7bc    00000068     driverlib.lib : osc.obj (.text:NOROM_OSCHF_SwitchToRcOscTurnOffXosc)
                  0000d824    00000068     nvoctp.obj (.text:NVOCTP_newItem)
                  0000d88c    00000068     rf_multiMode_cc26x2.aem4f : RFCC26X2_multiMode.oem4f (.text:RF_getCurrentTime)
                  0000d8f4    00000068                               : RFCC26X2_multiMode.oem4f (.text:RF_ratDisableChannel)
                  0000d95c    00000068                               : RFCC26X2_multiMode.oem4f (.text:RF_ratSetupChannel)
                  0000d9c4    00000068     rtsv7M4_T_le_v4SPD16_eabi.lib : copy_decompress_lzss.c.obj (.text:decompress:lzss:__TI_decompress_lzss)
                  0000da2c    00000068     ll_pxxx.a : ll_isr.o (.text)
                  0000da94    00000068     profiles_pxxx.a : gattservapp.o (.text)
                  0000dafc    00000068     two_btn_menu.obj (.text:tbm_findActiveItem)
                  0000db64    00000066     rf_multiMode_cc26x2.aem4f : RFCC26X2_multiMode.oem4f (.text:RF_syncCb)
                  0000dbca    00000002     ble5_wscale_peripheral_cc2652rblp_stack_library.lib : hal_assert.obj (.text:halAssertHandler)
                  0000dbcc    00000064     drivers_cc26x2.aem4f : AESCCMCC26XX.oem4f (.text:AESCCM_waitForResult)
                  0000dc30    00000064                          : CryptoResourceCC26XX.oem4f (.text:CryptoResourceCC26XX_constructRTOSObjects)
                  0000dc94    00000064                          : ECDHCC26X2.oem4f (.text:ECDH_open)
                  0000dcf8    00000064     icall.obj (.text:ICall_searchTask)
                  0000dd5c    00000064     nvoctp.obj (.text:NVOCTP_verifyCRC)
                  0000ddc0    00000064     drivers_cc26x2.aem4f : PKAResourceCC26XX.oem4f (.text:PKAResourceCC26XX_constructRTOSObjects)
                  0000de24    00000064     rf_multiMode_cc26x2.aem4f : RFCC26X2_multiMode.oem4f (.text:RF_updateHpOscOverride)
                  0000de88    00000064     simple_peripheral.obj (.text:SimplePeripheral_setPhy)
                  0000deec    00000064     simple_peripheral.obj (.text:SimplePeripheral_startAutoPhyChange)
                  0000df50    00000064     drivers_cc26x2.aem4f : UARTCC26XX.oem4f (.text:UARTCC26XX_control)
                  0000dfb4    00000064     main.obj (.text:main)
                  0000e018    00000064     profiles_pxxx.a : gapgattserver.o (.text)
                  0000e07c    00000064                     : gattservapp.o (.text)
                  0000e0e0    00000060     drivers_cc26x2.aem4f : AESCCMCC26XX.oem4f (.text:AESCCM_hwiFxn)
                  0000e140    00000060                          : AESCCMCC26XX.oem4f (.text:AESCCM_open)
                  0000e1a0    00000060                          : AESECBCC26XX.oem4f (.text:AESECB_hwiFxn)
                  0000e200    00000060                          : AESECBCC26XX.oem4f (.text:AESECB_open)
                  0000e260    00000060                          : AESECBCC26XX.oem4f (.text:AESECB_waitForResult)
                  0000e2c0    00000060     icall.obj (.text:ICall_searchServiceEntity)
                  0000e320    00000060     rf_multiMode_cc26x2.aem4f : RFCC26X2_multiMode.oem4f (.text:RF_applyRfCorePatch)
                  0000e380    00000060                               : RFCC26X2_multiMode.oem4f (.text:RF_dispatchNextEvent)
                  0000e3e0    00000060                               : RFCC26X2_multiMode.oem4f (.text:RF_ratAllocChannel)
                  0000e440    00000060                               : RFCC26X2_multiMode.oem4f (.text:RF_ratArmChannel)
                  0000e4a0    00000060     simple_peripheral.obj (.text:SimplePeripheral_stopAutoPhyChange)
                  0000e500    00000060     util.obj (.text:Util_constructClock)
                  0000e560    00000060     profiles_pxxx.a : gattservapp.o (.text)
                  0000e5c0    00000060     ble5_wscale_peripheral_cc2652rblp_stack_library.lib : osal_icall_ble.obj (.text:stack_main)
                  0000e620    0000005e     ll_pxxx.a : ll_isr.o (.text)
                  0000e67e    00000002     ble5_wscale_peripheral_cc2652rblp_stack_library.lib : hal_assert.obj (.text:halAssertSpinlock)
                  0000e680    0000005c     drivers_cc26x2.aem4f : AESCCMCC26XX.oem4f (.text:AESCCM_cleanup)
                  0000e6dc    0000005c     display.aem4f : Display.oem4f (.text:Display_doOpen)
                  0000e738    0000005c     icall.obj (.text:ICall_msecs2Ticks)
                  0000e794    0000005c     icall.obj (.text:ICall_primEntityId2ServiceId)
                  0000e7f0    0000005c     drivers_cc26x2.aem4f : PINCC26XX.oem4f (.text:PIN_remove)
                  0000e84c    0000005c     rf_multiMode_cc26x2.aem4f : RFCC26X2_multiMode.oem4f (.text:RF_fsmXOSCState)
                  0000e8a8    0000005c                               : RFCC26X2_multiMode.oem4f (.text:RF_hwiCpe0PowerFsm)
                  0000e904    0000005c     simple_peripheral.obj (.text:SimplePeripheral_doSelectConn)
                  0000e960    0000005c     drivers_cc26x2.aem4f : NVSCC26XX.oem4f (.text:doErase)
                  0000e9bc    0000005c     ble5_wscale_peripheral_cc2652rblp_stack_library.lib : gapbondmgr.obj (.text:gapBondMgrSetStateFlagFromConnhandle)
                  0000ea18    0000005c                                                         : gapbondmgr.obj (.text:gapBondMgr_UpdateCharCfg)
                  0000ea74    0000005c     ll_pxxx.a : ll_scheduler.o (.text)
                  0000ead0    0000005c     ble5_wscale_peripheral_cc2652rblp_stack_library.lib : osal_cbtimer.obj (.text:osal_CbTimerStop)
                  0000eb2c    0000005c     profiles_pxxx.a : gattservapp.o (.text)
                  0000eb88    0000005c     two_btn_menu.obj (.text:tbm_initTwoBtnMenu)
                  0000ebe4    0000005c     ble_release_pem4f.oem4f (.text:xdc_runtime_Startup_getState__I)
                  0000ec40    00000058     icall.obj (.text:ICall_fetchMsg)
                  0000ec98    00000058     nvoctp.obj (.text:NVOCTP_loadApiPtrsMin)
                  0000ecf0    00000058     drivers_cc26x2.aem4f : PowerCC26X2_calibrateRCOSC.oem4f (.text:PowerCC26X2_initiateCalibration)
                  0000ed48    00000058     rf_multiMode_cc26x2.aem4f : RFCC26X2_multiMode.oem4f (.text:RF_cmdDispatchTime)
                  0000eda0    00000058     simple_peripheral.obj (.text:SimplePeripheral_passcodeCb)
                  0000edf8    00000058     simple_peripheral.obj (.text:SimplePeripheral_processPasscode)
                  0000ee50    00000058     simple_peripheral.obj (.text:SimplePeripheral_updateRPA)
                  0000eea8    00000058     boot.aem4f : boot.oem4f (.text)
                  0000ef00    00000058     ble5_wscale_peripheral_cc2652rblp_stack_library.lib : osal_timers.obj (.text:osal_timer_refTimeUpdate)
                  0000ef58    00000058     two_btn_menu.obj (.text:tbm_buttonLeft)
                  0000efb0    00000058     two_btn_menu.obj (.text:tbm_goTo)
                  0000f008    00000056     ble5_wscale_peripheral_cc2652rblp_stack_library.lib : gapbondmgr.obj (.text:gapBondMgrChangeState)
                  0000f05e    00000002     rtsv7M4_T_le_v4SPD16_eabi.lib : div0.asm.obj (.text)
                  0000f060    00000054     drivers_cc26x2.aem4f : NVSCC26XX.oem4f (.text:NVSCC26XX_init)
                  0000f0b4    00000054     simple_peripheral.obj (.text:SimplePeripheral_clockHandler)
                  0000f108    00000054     simple_peripheral.obj (.text:SimplePeripheral_performPeriodicTask)
                  0000f15c    00000054     TRNGCC26XX.obj (.text:TRNGCC26XX_isParamValid)
                  0000f1b0    00000054     ble5_wscale_peripheral_cc2652rblp_stack_library.lib : gapbondmgr.obj (.text:gapBondStateDoGATTDisc)
                  0000f204    00000054                                                         : osal_bufmgr.obj (.text:osal_bm_free)
                  0000f258    00000054     profiles_pxxx.a : gattservapp.o (.text)
                  0000f2ac    00000052     icall.obj (.text:ICall_msgEnqueue)
                  0000f2fe    00000052     rf_multiMode_cc26x2.aem4f : RFCC26X2_multiMode.oem4f (.text:RF_defaultSubmitPolicy)
                  0000f350    00000050     dpl_cc26x2.aem4f : ClockP_tirtos.oem4f (.text:ClockP_construct)
                  0000f3a0    00000050     ble5_wscale_peripheral_cc2652rblp_stack_library.lib : gapbondmgr.obj (.text:GAPBondMgr_Pair)
                  0000f3f0    00000050     icall.obj (.text:ICall_getMaxMSecs)
                  0000f440    00000050     icall.obj (.text:ICall_heapFree)
                  0000f490    00000050     driverlib.lib : chipinfo.obj (.text:NOROM_ChipInfo_GetChipType)
                  0000f4e0    00000050     rf_multiMode_cc26x2.aem4f : RFCC26X2_multiMode.oem4f (.text:RF_ratGenerateChCmd)
                  0000f530    00000050                               : RFCC26X2_multiMode.oem4f (.text:RF_wakeupNotification)
                  0000f580    00000050     simple_peripheral.obj (.text:SimplePeripheral_enqueueMsg)
                  0000f5d0    00000050     simple_peripheral.obj (.text:SimplePeripheral_getConnIndex)
                  0000f620    00000050     WeighScaleService.obj (.text:WeighScaleService_SetParameter)
                  0000f670    00000050     crc.obj (.text:crc_update)
                  0000f6c0    00000050     gattservapp_util.obj (.text:gattServApp_FindCharCfgItem)
                  0000f710    00000050     ll_pxxx.a : ll_scheduler.o (.text)
                  0000f760    00000050               : ll_scheduler.o (.text)
                  0000f7b0    0000004c     CC2652RB_LAUNCHXL_fxns.obj (.text:CC2652RB_LAUNCHXL_wakeUpExtFlash)
                  0000f7fc    0000004c     hx711.obj (.text:HX711_SetGain)
                  0000f848    0000004c     rf_multiMode_cc26x2.aem4f : RFCC26X2_multiMode.oem4f (.text:RF_ratRestartChannels)
                  0000f894    0000004c     rtsv7M4_T_le_v4SPD16_eabi.lib : cpy_tbl.c.obj (.text:copy_in)
                  0000f8e0    0000004c     ble5_wscale_peripheral_cc2652rblp_stack_library.lib : gapbondmgr.obj (.text:gapBondMgrReadBonds)
                  0000f92c    0000004c                                                         : osal_clock.obj (.text:osalAdjustTimer)
                  0000f978    0000004c     profiles_pxxx.a : gattservapp.o (.text)
                  0000f9c4    0000004c     drivers_cc26x2.aem4f : UARTCC26XX.oem4f (.text:startTxFifoEmptyClk)
                  0000fa10    0000004c     two_btn_menu.obj (.text:tbm_getNumDisplayItem)
                  0000fa5c    0000004a     icall.obj (.text:ICall_msgPrepend)
                  0000faa6    00000048     drivers_cc26x2.aem4f : ECDHCC26X2.oem4f (.text:ECDHCC26X2_convertReturnValue)
                  0000faee    00000048     icall.obj (.text:ICall_fetchServiceMsg)
                  0000fb36    00000002     ble_release_pem4f.oem4f (.text:ti_sysbios_BIOS_nullFunc__I)
                  0000fb38    00000048     driverlib.lib : osc.obj (.text:NOROM_OSC_HPOSCInitializeFrequencyOffsetParameters)
                  0000fb80    00000048                   : rfc.obj (.text:NOROM_RFCSynthPowerDown)
                  0000fbc8    00000048     drivers_cc26x2.aem4f : NVS.oem4f (.text:NVS_open)
                  0000fc10    00000048                          : PINCC26XX.oem4f (.text:PIN_setOutputEnable)
                  0000fc58    00000048                          : PowerCC26X2_calibrateRCOSC.oem4f (.text:PowerCC26X2_RCOSC_clockFunc)
                  0000fca0    00000048                          : PowerCC26X2.oem4f (.text:PowerCC26XX_switchXOSC_HF)
                  0000fce8    00000048                          : NVSCC26XX.oem4f (.text:disableFlashCache)
                  0000fd30    00000048     ble5_wscale_peripheral_cc2652rblp_stack_library.lib : gapbondmgr.obj (.text:gapBondMgrUpdateLruBondList)
                  0000fd78    00000048                                                         : gapbondmgr.obj (.text:gapBondMgr_ReadGattChar)
                  0000fdc0    00000048                                                         : gapbondmgr.obj (.text:gapBondStateStartNextGATTDisc)
                  0000fe08    00000048                                                         : osal_timers.obj (.text:osalAddTimer)
                  0000fe50    00000048                                                         : osal.obj (.text:osal_init_system)
                  0000fe98    00000048                                                         : osal_timers.obj (.text:osal_start_timerEx)
                  0000fee0    00000048     rtsv7M4_T_le_v4SPD16_eabi.lib : fd_toi_t2.asm.obj (.text)
                  0000ff28    00000048     drivers_cc26x2.aem4f : PowerCC26X2.oem4f (.text:switchXOSCHF)
                  0000ff70    00000048                          : UARTCC26XX.oem4f (.text:writeFinishedDoCallback)
                  0000ffb8    00000046                          : RingBuf.oem4f (.text:RingBuf_put)
                  0000fffe    00000046     ble5_wscale_peripheral_cc2652rblp_stack_library.lib : icall_lite_translation.obj (.text:icall_liteTranslation)
                  00010044    00000044     board_key.obj (.text:Board_keyCallback)
                  00010088    00000044     drivers_cc26x2.aem4f : CryptoResourceCC26XX.oem4f (.text:CryptoResourceCC26XX_destructRTOSObjects)
                  000100cc    00000044                          : ECDHCC26X2.oem4f (.text:ECDHCC26X2_waitForResult)
                  00010110    00000044     gattservapp_util.obj (.text:GATTServApp_WriteCharCfg)
                  00010154    00000044     hx711.obj (.text:HX711_Init)
                  00010198    00000044     hx711.obj (.text:HX711_ReadAverage)
                  000101dc    00000044     icall.obj (.text:ICall_getLocalMsgEntityId)
                  00010220    00000044     driverlib.lib : chipinfo.obj (.text:NOROM_ChipInfo_GetHwRevision)
                  00010264    00000044     drivers_cc26x2.aem4f : NVSCC26XX.oem4f (.text:NVSCC26XX_read)
                  000102a8    00000044                          : PINCC26XX.oem4f (.text:PIN_swi)
                  000102ec    00000044                          : PKAResourceCC26XX.oem4f (.text:PKAResourceCC26XX_destructRTOSObjects)
                  00010330    00000044     rf_multiMode_cc26x2.aem4f : RFCC26X2_multiMode.oem4f (.text:RF_cmdGet)
                  00010374    00000044                               : RFCC26X2_multiMode.oem4f (.text:RF_cmdStoreEvents)
                  000103b8    00000044     simple_peripheral.obj (.text:SimplePeripheral_initPHYRSSIArray)
                  000103fc    00000044     simple_peripheral.obj (.text:SimplePeripheral_pairStateCb)
                  00010440    00000044     simple_peripheral.obj (.text:SimplePeripheral_processConnEvt)
                  00010484    00000044     drivers_cc26x2.aem4f : UART.oem4f (.text:UART_init)
                  000104c8    00000042     util.obj (.text:Util_enqueueMsg)
                  0001050a    00000002     rom_sysbios.aem4f : rom_sysbios.obj (.text:ti_sysbios_heaps_HeapCallback_defaultDelete)
                  0001050c    00000040     CC2652RB_LAUNCHXL_fxns.obj (.text:CC2652RB_LAUNCHXL_shutDownExtFlash)
                  0001054c    00000040     ble5_wscale_peripheral_cc2652rblp_stack_library.lib : gapbondmgr.obj (.text:GAPBondMgr_Init)
                  0001058c    00000040     icall_cc2650.obj (.text:ICallPlatform_pwrDispenseImpl)
                  000105cc    00000040     icall_cc2650.obj (.text:ICallPlatform_pwrRequireImpl)
                  0001060c    00000040     icall.obj (.text:ICall_heapGetStats)
                  0001064c    00000040     nvoctp.obj (.text:NVOCTP_setItemInactive)
                  0001068c    00000040     drivers_cc26x2.aem4f : PowerCC26X2.oem4f (.text:PowerCC26XX_isStableXOSC_HF)
                  000106cc    00000040                          : RingBuf.oem4f (.text:RingBuf_get)
                  0001070c    00000040     ble5_wscale_peripheral_cc2652rblp_stack_library.lib : gapbondmgr.obj (.text:gapBondMgr_SupportsCentAddrRes)
                  0001074c    00000040     ll_pxxx.a : ll_scheduler.o (.text)
                  0001078c    00000040     ble5_wscale_peripheral_cc2652rblp_stack_library.lib : osal_bufmgr.obj (.text:osal_bm_alloc)
                  000107cc    00000040                                                         : osal.obj (.text:osal_clear_event)
                  0001080c    00000040                                                         : osal.obj (.text:osal_msg_extract)
                  0001084c    00000040     profiles_pxxx.a : gattservapp.o (.text)
                  0001088c    00000040     rtsv7M4_T_le_v4SPD16_eabi.lib : u_divt2.asm.obj (.text)
                  000108cc    00000040     rom_sysbios.aem4f : rom_sysbios.obj (.text:ti_sysbios_family_arm_cc26xx_Timer_setThreshold__I)
                  0001090c    00000040                       : rom_sysbios.obj (.text:ti_sysbios_heaps_HeapCallback_Module_startup__E)
                  0001094c    0000003e     dpl_cc26x2.aem4f : HwiP_tirtos.oem4f (.text:HwiP_construct)
                  0001098a    0000003e     icall.obj (.text:ICall_msgDequeue)
                  000109c8    0000003e     icall.obj (.text:ICall_sendServiceMsg)
                  00010a06    00000002     ble_release_pem4f.oem4f (.text:ti_sysbios_rom_cortexm_cc26xx_cc26x2v2_CC26xx_badRomRevision__E)
                  00010a08    0000003c     drivers_cc26x2.aem4f : AESCCMCC26XX.oem4f (.text:AESCCM_init)
                  00010a44    0000003c                          : AESECBCC26XX.oem4f (.text:AESECB_init)
                  00010a80    0000003c                          : ECDHCC26X2.oem4f (.text:ECDH_init)
                  00010abc    0000003c     nvoctp.obj (.text:NVOCTP_read)
                  00010af8    0000003c     drivers_cc26x2.aem4f : PINCC26XX.oem4f (.text:PIN_setOutputValue)
                  00010b34    0000003c     rf_multiMode_cc26x2.aem4f : RFCC26X2_multiMode.oem4f (.text:RF_calculateDispatchTime)
                  00010b70    0000003c     simple_peripheral.obj (.text:SimplePeripheral_clearPendingParamUpdate)
                  00010bac    0000003c     dpl_cc26x2.aem4f : SwiP_tirtos.oem4f (.text:SwiP_construct)
                  00010be8    0000003c     drivers_cc26x2.aem4f : UART.oem4f (.text:UART_open)
                  00010c24    0000003c     ble5_wscale_peripheral_cc2652rblp_stack_library.lib : osal_bufmgr.obj (.text:bm_desc_from_payload)
                  00010c60    0000003c     drivers_cc26x2.aem4f : NVSCC26XX.oem4f (.text:checkEraseRange)
                  00010c9c    0000003c     hci_tl_none.a : hci_tl.o (.text)
                  00010cd8    0000003c     ll_pxxx.a : ll_scheduler.o (.text)
                  00010d14    0000003c     ble5_wscale_peripheral_cc2652rblp_stack_library.lib : osal_timers.obj (.text:osal_start_reload_timer)
                  00010d50    0000003c     profiles_pxxx.a : gattservapp.o (.text)
                  00010d8c    0000003c                     : gattservapp.o (.text)
                  00010dc8    0000003c     two_btn_menu.obj (.text:tbm_setItemStatus)
                  00010e04    0000003c     rom_sysbios.aem4f : rom_sysbios.obj (.text:ti_sysbios_family_arm_m3_Hwi_construct2__E)
                  00010e40    00000038     driverlib.lib : osc.obj (.text:NOROM_OSC_HPOSCRelativeFrequencyOffsetGet)
                  00010e78    00000038     drivers_cc26x2.aem4f : PINCC26XX.oem4f (.text:PIN_setConfig)
                  00010eb0    00000038     ble5_wscale_peripheral_cc2652rblp_stack_library.lib : rom_init.obj (.text:ROM_Init)
                  00010ee8    00000038     simple_peripheral.obj (.text:SimplePeripheral_advCallback)
                  00010f20    00000038     simple_peripheral.obj (.text:SimplePeripheral_createTask)
                  00010f58    00000038     ll_pxxx.a : ll.o (.text)
                  00010f90    00000038               : ll_common.o (.text)
                  00010fc8    00000038               : ll_scheduler.o (.text)
                  00011000    00000038     drivers_cc26x2.aem4f : PowerCC26X2.oem4f (.text:notify)
                  00011038    00000038     ble5_wscale_peripheral_cc2652rblp_stack_library.lib : osal.obj (.text:osal_alien2proxy)
                  00011070    00000038                                                         : osal.obj (.text:osal_msec_timer_cback)
                  000110a8    00000038                                                         : osal.obj (.text:osal_msg_enqueue)
                  000110e0    00000038                                                         : osal.obj (.text:osal_start_system)
                  00011118    00000038                                                         : osal_timers.obj (.text:osal_stop_timerEx)
                  00011150    00000038     drivers_cc26x2.aem4f : UARTCC26XX.oem4f (.text:readData)
                  00011188    00000038     rtsv7M4_T_le_v4SPD16_eabi.lib : fs_tod_t2.asm.obj (.text)
                  000111c0    00000038     rom_sysbios.aem4f : rom_sysbios.obj (.text:ti_sysbios_family_arm_cc26xx_Timer_getCurrentTick__E)
                  000111f8    00000038     drivers_cc26x2.aem4f : UARTCC26XX.oem4f (.text:writeData)
                  00011230    00000036     icall.obj (.text:ICall_setTimerMSecs)
                  00011266    00000002     rom_sysbios.aem4f : rom_sysbios.obj (.text:xdc_runtime_SysCallback_defaultAbort)
                  00011268    00000034     hx711.obj (.text:HX711_GetUnits)
                  0001129c    00000034     hx711.obj (.text:HX711_GetValue)
                  000112d0    00000034     icall.obj (.text:ICall_primRepostSync)
                  00011304    00000034     icall.obj (.text:ICall_searchService)
                  00011338    00000034     driverlib.lib : aux_sysif.obj (.text:NOROM_AUXSYSIFOpModeChange)
                  0001136c    00000034                   : sys_ctrl.obj (.text:NOROM_SysCtrlIdle)
                  000113a0    00000034     drivers_cc26x2.aem4f : PowerCC26X2.oem4f (.text:Power_releaseConstraint)
                  000113d4    00000034                          : PowerCC26X2.oem4f (.text:Power_setConstraint)
                  00011408    00000034     rf_multiMode_cc26x2.aem4f : RFCC26X2_multiMode.oem4f (.text:RF_cacheFsCmd)
                  0001143c    00000034                               : RFCC26X2_multiMode.oem4f (.text:RF_checkCmdFsError)
                  00011470    00000034                               : RFCC26X2_multiMode.oem4f (.text:RF_powerConstraintRelease)
                  000114a4    00000034                               : RFCC26X2_multiMode.oem4f (.text:RF_ratGenerateIoCmd)
                  000114d8    00000034                               : RFCC26X2_multiMode.oem4f (.text:RF_runDirectImmediateCmd)
                  0001150c    00000034     ble5_wscale_peripheral_cc2652rblp_stack_library.lib : gapbondmgr.obj (.text:gapBondStateEnd)
                  00011540    00000034     hci_tl_none.a : hci_tl.o (.text)
                  00011574    00000034     ll_pxxx.a : ll_scheduler.o (.text)
                  000115a8    00000034     ble5_wscale_peripheral_cc2652rblp_stack_library.lib : osal_timers.obj (.text:osal_get_timeoutEx)
                  000115dc    00000034     drivers_cc26x2.aem4f : UARTCC26XX.oem4f (.text:readData2RingBuf)
                  00011610    00000034     ble5_wscale_peripheral_cc2652rblp_stack_library.lib : icall_startup.obj (.text:startup_entry)
                  00011644    00000034     rom_sysbios.aem4f : rom_sysbios.obj (.text:ti_sysbios_knl_Swi_setPri__E)
                  00011678    00000032     simple_peripheral.obj (.text:SimplePeripheral_handleKeys)
                  000116aa    00000032     rom_sysbios.aem4f : rom_sysbios.obj (.text:ti_sysbios_family_arm_cc26xx_Timer_setNextTick__E)
                  000116dc    00000032                       : rom_sysbios.obj (.text:ti_sysbios_gates_GateMutexPri_insertPri__I)
                  0001170e    00000002                       : rom_sysbios.obj (.text:xdc_runtime_SysCallback_defaultExit)
                  00011710    00000030     ble5_wscale_peripheral_cc2652rblp_stack_library.lib : gapbondmgr.obj (.text:GAPBondMgr_PasscodeRsp)
                  00011740    00000030     drivers_cc26x2.aem4f : NVSCC26XX.oem4f (.text:NVSCC26XX_erase)
                  00011770    00000030                          : PINCC26XX.oem4f (.text:PINCC26XX_setMux)
                  000117a0    00000030     rf_multiMode_cc26x2.aem4f : RFCC26X2_multiMode.oem4f (.text:RF_calculateDeltaTimeUs)
                  000117d0    00000030                               : RFCC26X2_multiMode.oem4f (.text:RF_extractPaConfiguration)
                  00011800    00000030     TRNGCC26XX.obj (.text:TRNGCC26XX_init)
                  00011830    00000030     WeighScaleService.obj (.text:WeighScaleService_AddService)
                  00011860    00000030     ll_pxxx.a : ll_scheduler.o (.text)
                  00011890    00000030     ble5_wscale_peripheral_cc2652rblp_stack_library.lib : osal_snv_wrapper.obj (.text:osal_snv_init)
                  000118c0    00000030                                                         : osal_snv_wrapper.obj (.text:osal_snv_read)
                  000118f0    00000030     ble_release_pem4f.oem4f (.text:ti_sysbios_BIOS_atExitFunc__I)
                  00011920    00000030     ble_release_pem4f.oem4f (.text:ti_sysbios_BIOS_startFunc__I)
                  00011950    00000030     rom_sysbios.aem4f : rom_sysbios.obj (.text:ti_sysbios_family_arm_cc26xx_Timer_initDevice__I)
                  00011980    00000030     ble_release_pem4f.oem4f (.text:ti_sysbios_gates_GateMutexPri_Object__create__S)
                  000119b0    00000030     ble_release_pem4f.oem4f (.text:ti_sysbios_gates_GateMutexPri_create)
                  000119e0    00000030     ble_release_pem4f.oem4f (.text:ti_sysbios_heaps_HeapCallback_Object__create__S)
                  00011a10    0000002e     icall.obj (.text:ICall_dispatch)
                  00011a3e    0000002e     driverlib.lib : rfc.obj (.text:NOROM_RFCOverrideSearch)
                  00011a6c    0000002e     ble5_wscale_peripheral_cc2652rblp_stack_library.lib : osal.obj (.text:osal_build_uint32)
                  00011a9a    0000002e     profiles_pxxx.a : gattservapp.o (.text)
                  00011ac8    0000002e     rtsv7M4_T_le_v4SPD16_eabi.lib : i_tofd_t2.asm.obj (.text)
                  00011af6    00000002     rom_sysbios.aem4f : rom_sysbios.obj (.text:xdc_runtime_SysCallback_defaultFlush)
                  00011af8    0000002c     nvoctp.obj (.text:NVOCTP_writeByte)
                  00011b24    0000002c     drivers_cc26x2.aem4f : NVS.oem4f (.text:NVS_init)
                  00011b50    0000002c     rf_multiMode_cc26x2.aem4f : RFCC26X2_multiMode.oem4f (.text:RF_executeDirectImmediateCmd)
                  00011b7c    0000002c                               : RFCC26X2_multiMode.oem4f (.text:RF_ratReleaseChannels)
                  00011ba8    0000002c                               : RFCC26X2_multiMode.oem4f (.text:RF_searchAndReplacePAOverride)
                  00011bd4    0000002c     dpl_cc26x2.aem4f : SemaphoreP_tirtos.oem4f (.text:SemaphoreP_constructBinary)
                  00011c00    0000002c                      : SemaphoreP_tirtos.oem4f (.text:SemaphoreP_createBinary)
                  00011c2c    0000002c     simple_peripheral.obj (.text:SimplePeripheral_keyChangeHandler)
                  00011c58    0000002c     ble5_wscale_peripheral_cc2652rblp_stack_library.lib : ble_dispatch_lite.obj (.text:bleDispatch_BMAlloc)
                  00011c84    0000002c                                                         : gapbondmgr.obj (.text:gapBondMgr_SyncWhiteList)
                  00011cb0    0000002c     gatt_pxxx.a : gatt_task.o (.text)
                  00011cdc    0000002c     profiles_pxxx.a : gattservapp.o (.text)
                  00011d08    0000002c     rom_sysbios.aem4f : rom_sysbios.obj (.text:ti_sysbios_knl_Clock_getTicksUntilInterrupt__E)
                  00011d34    0000002a     display.aem4f : DisplayUart.oem4f (.text:DisplayUartAnsi_clear)
                  00011d5e    0000002a                   : Display.oem4f (.text:Display_doPrintf)
                  00011d88    0000002a     drivers_cc26x2.aem4f : List.oem4f (.text:List_insert)
                  00011db2    0000002a     rf_multiMode_cc26x2.aem4f : RFCC26X2_multiMode.oem4f (.text:RF_ratSuspendChannels)
                  00011ddc    0000002a     ble5_wscale_peripheral_cc2652rblp_stack_library.lib : gapbondmgr.obj (.text:gapBondMgr_isDevicePrivacyModeSupported)
                  00011e06    0000002a     rom_sysbios.aem4f : rom_sysbios.obj (.text:ti_sysbios_knl_Clock_getTimeout__E)
                  00011e30    00000028     drivers_cc26x2.aem4f : AESECBCC26XX.oem4f (.text:AESECB_cleanup)
                  00011e58    00000028     devinfoservice.obj (.text:DevInfo_AddService)
                  00011e80    00000028     driverlib.lib : osc.obj (.text:NOROM_OSCHF_TurnOnXosc)
                  00011ea8    00000028     dpl_cc26x2.aem4f : PowerCC26X2_tirtos.oem4f (.text:PowerCC26XX_schedulerDisable)
                  00011ed0    00000028                      : PowerCC26X2_tirtos.oem4f (.text:PowerCC26XX_schedulerRestore)
                  00011ef8    00000028     drivers_cc26x2.aem4f : PowerCC26X2.oem4f (.text:Power_registerNotify)
                  00011f20    00000028     rf_multiMode_cc26x2.aem4f : RFCC26X2_multiMode.oem4f (.text:RF_cmdAlloc)
                  00011f48    00000028                               : RFCC26X2_multiMode.oem4f (.text:RF_runScheduleCmd)
                  00011f70    00000028     TRNGCC26XX.obj (.text:TRNGCC26XX_open)
                  00011f98    00000028     util.obj (.text:Util_dequeueMsg)
                  00011fc0    00000028     ble5_wscale_peripheral_cc2652rblp_stack_library.lib : ble_dispatch_lite.obj (.text:ble_dispatch_liteProcess)
                  00011fe8    00000028     icall.obj (.text:matchLiteCS)
                  00012010    00000028     ble5_wscale_peripheral_cc2652rblp_stack_library.lib : osal_bufmgr.obj (.text:osal_bm_adjust_header)
                  00012038    00000028                                                         : osal_timers.obj (.text:osal_next_timeout)
                  00012060    00000028                                                         : osal_snv_wrapper.obj (.text:osal_snv_compact)
                  00012088    00000028                                                         : osal_snv_wrapper.obj (.text:osal_snv_write)
                  000120b0    00000028     drivers_cc26x2.aem4f : PowerCC26X2.oem4f (.text:oscillatorISR)
                  000120d8    00000028                          : NVSCC26XX.oem4f (.text:restoreFlashCache)
                  00012100    00000026                          : List.oem4f (.text:List_put)
                  00012126    00000026                          : List.oem4f (.text:List_putHead)
                  0001214c    00000026                          : List.oem4f (.text:List_remove)
                  00012172    00000024     hx711.obj (.text:HX711_Tare)
                  00012196    00000002     rom_sysbios.aem4f : rom_sysbios.obj (.text:xdc_runtime_SysCallback_defaultPutch)
                  00012198    00000024     icall.obj (.text:ICall_heapMallocLimited)
                  000121bc    00000024     driverlib.lib : rfc.obj (.text:NOROM_RFCDoorbellSendTo)
                  000121e0    00000024     nvoctp.obj (.text:NVOCTP_doRAMCRC)
                  00012204    00000024     rf_multiMode_cc26x2.aem4f : RFCC26X2_multiMode.oem4f (.text:RF_clkPowerUp)
                  00012228    00000024                               : RFCC26X2_multiMode.oem4f (.text:RF_invokeGlobalCallback)
                  0001224c    00000024                               : RFCC26X2_multiMode.oem4f (.text:RF_isStateTransitionAllowed)
                  00012270    00000024     gatt_pxxx.a : gatt_server.o (.text)
                  00012294    00000024     drivers_cc26x2.aem4f : PowerCC26X2_calibrateRCOSC.oem4f (.text:getTdcSemaphore)
                  000122b8    00000024     rtsv7M4_T_le_v4SPD16_eabi.lib : memcmp.c.obj (.text:memcmp)
                  000122dc    00000024     ble5_wscale_peripheral_cc2652rblp_stack_library.lib : osal.obj (.text:osal_msg_allocate)
                  00012300    00000024                                                         : osal.obj (.text:osal_msg_push)
                  00012324    00000024                                                         : osal.obj (.text:osal_proxy2alien)
                  00012348    00000024                                                         : osal.obj (.text:osal_service_entry)
                  0001236c    00000024     profiles_pxxx.a : gapgattserver.o (.text)
                  00012390    00000024     ble_release_pem4f.oem4f (.text:ti_sysbios_BIOS_registerRTSLock__I)
                  000123b4    00000024     ble_release_pem4f.oem4f (.text:ti_sysbios_BIOS_removeRTSLock__I)
                  000123d8    00000024     rom_sysbios.aem4f : rom_sysbios.obj (.text:ti_sysbios_family_arm_cc26xx_Timer_getMaxTicks__E)
                  000123fc    00000024     ble_release_pem4f.oem4f (.text:ti_sysbios_gates_GateMutexPri_Object__delete__S)
                  00012420    00000024     ble_release_pem4f.oem4f (.text:ti_sysbios_heaps_HeapCallback_Object__delete__S)
                  00012444    00000022     gattservapp_util.obj (.text:GATTServApp_ReadCharCfg)
                  00012466    00000022     drivers_cc26x2.aem4f : List.oem4f (.text:List_get)
                  00012488    00000022     nvoctp.obj (.text:NVOCTP_readByte)
[...]
20000f64  encHandleECB                                                       
20000f68  resolvingList                                                      
20000f6c  wlTable                                                            
20000f70  wlTableScan                                                        
20000f74  pPairingParams                                                     
20000f78  pfnResponderCBs                                                    
20000f7c  pfnInitiatorCBs                                                    
20000f80  pSmResponderCBs                                                    
20000f84  attrLen                                                            
20000f86  numHostBufs                                                        
20000f88  rfCmdHandle                                                        
20000f8a  connInitialMaxTxOctets                                             
20000f8c  connInitialMaxTxTime                                               
20000f8e  connInitialMaxTxTimeUncoded                                        
20000f90  connInitialMaxTxTimeCoded                                          
20000f92  supportedMaxTxOctets                                               
20000f94  supportedMaxTxTime                                                 
20000f96  supportedMaxRxOctets                                               
20000f98  supportedMaxRxTime                                                 
20000f9a  taskEndStatus                                                      
20000f9c  postRfOperations                                                   
20000f9e  buildInfo                                                          
20000fa0  rfCfgAdiVal                                                        
20000fa4  att_sendRspOnly                                                    
20000fa5  advCount                                                           
20000fa6  updateState                                                        
20000fa7  advInit                                                            
20000fa8  gapProfileRole                                                     
20000fa9  gapDeviceAddrMode                                                  
20000faa  gapState                                                           
20000fab  terminateReason                                                    
20000fac  gapScanMaxNumReport                                                
20000fad  gapScanEndReason                                                   
20000fae  gapScanPackedAdvRptSize                                            
20000faf  fltPduTypeWanted                                                   
20000fb0  fltPduTypeMask                                                     
20000fb1  gapTaskID                                                          
20000fb2  gattNumConns                                                       
20000fb3  gattTaskID                                                         
20000fb4  GATTServApp_TaskID                                                 
20000fb5  maxNumPrepareWrites                                                
20000fb6  hciPTMenabled                                                      
20000fb7  ctrlToHostEnable                                                   
20000fb8  l2capFlowCtrlMode                                                  
20000fb9  l2capTaskID                                                        
20000fba  l2capNumChannels                                                   
20000fbb  l2capNumDataPkts                                                   
20000fbc  l2capNumPSM                                                        
20000fbd  l2capNumCoChannels                                                 
20000fbe  l2cap_gattServAppTaskID                                            
20000fbf  l2capId                                                            
20000fc1  linkDBNumConns                                                     
20000fc2  linkDB_secureConnectionOnlyMode                                    
20000fc3  maxPduSize                                                         
20000fc4  rfFeModeBias                                                       
20000fc5  defaultPhy                                                         
20000fc6  maxNumTxDataBufs                                                   
20000fc7  LL_TaskID                                                          
20000fc8  llState                                                            
20000fc9  rssiCorrection                                                     
20000fca  curTxPowerVal                                                      
20000fcb  maxTxPwrForDTM                                                     
20000fcc  onePktPerEvt                                                       
20000fcd  numComplPkts                                                       
20000fce  numComplPktsLimit                                                  
20000fcf  numComplPktsFlush                                                  
20000fd0  fastTxRespTime                                                     
20000fd1  slOverride                                                         
20000fd2  rxFifoFlowCtrl                                                     
20000fd3  numTxDataBufs                                                      
20000fd4  maxNumConns                                                        
20000fd5  aeCurHandle                                                        
20000fd6  aeCurAdvEnableHandle                                               
20000fd7  aeCurConnHandle                                                    
20000fd8  extScanIndex                                                       
20000fd9  extInitIndex                                                       
20000fda  scanState                                                          
20000fdb  lastPrimPhy                                                        
20000fdc  lastScanRsp                                                        
20000fdd  smTaskID                                                           
20000fde  SM_appExpectingKey                                                 
20001110  ROM_stateStruct                                                    
20001110  ti_sysbios_knl_Clock_Module__state__V                              
2000113c  ti_sysbios_family_arm_cc26xx_TimestampProvider_Module__state__V    
20001140  xdc_runtime_Startup_Module__state__V                               
20001148  xdc_runtime_Registry_Module__state__V                              
20001150  ti_sysbios_BIOS_Module__state__V                                   
20001174  ti_sysbios_knl_Swi_Module__state__V                                
20001190  ti_sysbios_knl_Task_Module__state__V                               
200011d4  xdc_runtime_Memory_Module__state__V                                
200011d8  xdc_runtime_System_Module__state__V                                
200011e0  ti_sysbios_family_arm_m3_Hwi_Module__state__V                      
20001214  ti_sysbios_family_arm_cc26xx_Timer_Module__state__V                
20001229  gapBond_removeLRUBond                                              
2000122a  gapBond_syncRL                                                     
20001234  gapBondStateNodeHead                                               
20001246  gapBond_lruBondList                                                
2000131c  PowerCC26X2_module                                                 
20001408  gapAttrTbl                                                         
20001498  baseTaskID                                                         
2000149c  cbTimers                                                           
20001514  llUserConfig                                                       
20001564  ti_sysbios_knl_Task_Object__table__V                               
200015b0  ti_sysbios_family_arm_cc26xx_Timer_Object__table__V                
20001638  spMenuConnPhy                                                      
20001678  ti_sysbios_gates_GateMutex_Object__table__V                        
200016b0  ti_sysbios_knl_Swi_Module_State_0_readyQ__A                        
200016e0  ti_sysbios_knl_Swi_Object__table__V                                
20001710  ti_sysbios_knl_Task_Module_State_0_readyQ__A                       
20001744  osal_qHead                                                         
20001748  osal_eventloop_hook                                                
2000174c  osal_icallMsg_hook                                                 
20001750  osal_syncHandle                                                    
20001754  osal_tickperiod                                                    
20001758  osal_max_msecs                                                     
20001768  nvintfFncStruct                                                    
20001790  spMenuAutoConnect                                                  
200017b8  eccParams_NISTP256                                                 
200017d8  spMenuMain                                                         
200017f8  spMenuSelectConn                                                   
20001818  ti_sysbios_knl_Clock_Object__table__V                              
20001838  xdc_runtime_Error_IgnoreBlock                                      
20001858  ICall_enterCriticalSection                                         
2000185c  ICall_leaveCriticalSection                                         
20001860  heapmgrMemFreeTotal                                                
20001870  ICall_dispatcher                                                   
2000188d  CryptoResourceCC26XX_pollingFlag                                   
20001890  spMenuPerConn                                                      
200018a8  ti_sysbios_family_arm_m3_Hwi_Object__table__V                      
20001953  argPeriodic                                                        
20001954  bleAppServiceInfoTable                                             
20001964  pfnBMAlloc                                                         
20001968  pfnBMFree                                                          
2000196c  pRfErrCb                                                           
20001970  lastAppOpcodeIdxSent                                               
20001974  rfMode                                                             
20001984  sizeInfo                                                           
20001994  gattAttrTbl                                                        
200019a4  user0Cfg                                                           
200019c2  PKAResourceCC26XX_pollingFlag                                      
200019e0  hx711PinTable                                                      
200019ec  keyPinsCfg                                                         
200019f8  pOverridesCoded                                                    
20001a04  ti_sysbios_heaps_HeapCallback_Object__table__V                     
20001a1b  argRpaRead                                                         
20001a1c  SCALE                                                              
20001a20  OFFSET                                                             
20001a24  GAIN                                                               
20001a26  ti_sysbios_family_arm_m3_Hwi_Module_State_0_excActive__A           
20001a28  assertSubcause                                                     
20001a29  legacyMode                                                         
20001a2c  halAssertCback                                                     
20001a34  OSAL_timeSeconds                                                   
20001a38  _lock                                                              
20001a3c  _unlock                                                            
20001a50  pinUpperBound                                                      
20001a54  pinLowerBound                                                      
20001a60  pOverridesCommon                                                   
20001a68  periConnParameters                                                 
20001a70  dispHandle                                                         
20001a76  autoConnect                                                        
20001a78  ti_sysbios_family_arm_m3_Hwi_Module__root__V                       
20001a80  ti_sysbios_gates_GateHwi_Module__root__V                           
20001a88  ti_sysbios_gates_GateMutexPri_Module__root__V                      
20001a90  ti_sysbios_gates_GateMutex_Module__root__V                         
20001a98  ti_sysbios_hal_Hwi_Module__root__V                                 
20001aa0  ti_sysbios_heaps_HeapCallback_Module__root__V                      
20001aa8  ti_sysbios_heaps_HeapMem_Module__root__V                           
20001ab0  ti_sysbios_knl_Clock_Module__root__V                               
20001ab8  ti_sysbios_knl_Event_Module__root__V                               
20001ac0  ti_sysbios_knl_Mailbox_Module__root__V                             
20001ac8  ti_sysbios_knl_Queue_Module__root__V                               
20001ad0  ti_sysbios_knl_Semaphore_Module__root__V                           
20001ad8  ti_sysbios_knl_Swi_Module__root__V                                 
20001ae0  ti_sysbios_knl_Task_Module__root__V                                
20001b12  rfRatHandle                                                        
20001b13  deviceNameCharProps                                                
20001b14  gapAppTaskID                                                       
20001b15  gapEndAppTaskID                                                    
20001b18  pwrmgr_initialized                                                 
20001b1a  pwrmgr_attribute                                                   
20001b24  icallServiceTblPtr                                                 
20001b2c  appAssertCback                                                     
20001b30  appKeyChangeHandler                                                
20001b34  pOverrides1Mbps                                                    
20001b38  pOverrides2Mbps                                                    
20001b3c  main_func_sp                                                       
20001b40  ti_sysbios_family_arm_m3_Hwi_Module_State_0_excContext__A          
20001b44  ti_sysbios_family_arm_m3_Hwi_Module_State_0_excStack__A            
20001b48  ti_sysbios_knl_Task_Module_State_0_idleTask__A                     
20001b4c  appearanceCharProps                                                
20001b4d  periConnParamCharProps                                             
20001b4e  resolvablePrivateAddressOnlyCharProps                              
20001b50  spTaskStack                                                        
20001f50  ti_sysbios_knl_Task_Instance_State_0_stack__A                      
20002250  uartCC26XXObjects                                                  
200026a0  ti_sysbios_family_arm_m3_Hwi_dispatchTable                         
200028b8  pinHandleTable                                                     
200029a0  spTask                                                             
20002a38  uartCC26XXRingBuffer                                               
20002b3c  nvFptrs                                                            
20002c7c  ecdhCC26X2Objects                                                  
20002d28  CryptoResourceCC26XX_accessSemaphore                               
20002d44  CryptoResourceCC26XX_hwi                                           
20002d60  CryptoResourceCC26XX_operationSemaphore                            
20002d7c  PKAResourceCC26XX_accessSemaphore                                  
20002d98  PKAResourceCC26XX_hwi                                              
20002db4  PKAResourceCC26XX_operationSemaphore                               
20002dec  deviceName                                                         
20002e04  aesccmCC26XXObjects                                                
20002e1c  aesecbCC26XXObjects                                                
20002ea8  timerHead                                                          
20002eac  osal_last_timestamp                                                
20002efc  llTaskList                                                         
20002f08  LedpinGpioState                                                    
20002f14  displayUartObject                                                  
20002f20  keyPins                                                            
20002f4c  extStackSettings                                                   
20002f50  ggs_AppCBs                                                         
20002f54  ClockP_tickPeriod                                                  
20002f58  HEAPMGR_SIZE                                                       
20002f5c  LedPinHandle                                                       
20002f60  PowerCC26XX_swiKey                                                 
20002f64  PowerCC26XX_taskKey                                                
20002f68  hKeyPins                                                           
20002f6c  nvsCC26xxObjects                                                   
20002f70  tasksEvents                                                        
20002f74  trngCC26XXObjects                                                  
20002f78  appearance                                                         
20002f7a  hciTaskID                                                          
20002f7b  hciL2capTaskID                                                     
20002f7c  hciGapTaskID                                                       
20002f7d  hciSmpTaskID                                                       
20002f7e  hciTestTaskID                                                      
20002f7f  scanReqRpt                                                         
20002f80  wlSize                                                             
20002f81  rlSize                                                             
20002f82  resolvablePrivateAddressOnly                                       
20002f83  driverlib_release_0_54539                                          
20002f84  icall_liteTaskId                                                   
20002f85  osal_entity                                                        
20002f86  tbmRowItemLast                                                     
20002f87  heapStart                                                          
20013c00  __stack                                                            
20013c00  heapEnd                                                            
20014000  __STACK_END                                                        
20014000  __STACK_TOP                                                        
e000e000  ti_sysbios_family_arm_m3_Hwi_nvic                                  
ffffffff  __TI_pprof_out_hndl                                                
ffffffff  __TI_prof_data_size                                                
ffffffff  __TI_prof_data_start                                               
ffffffff  __binit__                                                          
ffffffff  __c_args__                                                         
ffffffff  binit                                                              
UNDEFED   SHT$$INIT_ARRAY$$Base                                              
UNDEFED   SHT$$INIT_ARRAY$$Limit                                             

[2830 symbols]
