******************************************************************************
                  TI ARM Linker PC v18.1.3                     
******************************************************************************
>> Linked Sun Mar 24 22:12:22 2019

OUTPUT FILE NAME:   <ble5_simple_central_cc2652rblp_app.out>
ENTRY POINT SYMBOL: "ResetISR"  address: 00011ee9


MEMORY CONFIGURATION

         name            origin    length      used     unused   attr    fill
----------------------  --------  ---------  --------  --------  ----  --------
  FLASH                 00000000   00056000  0001ddd2  0003822e  R  X
  FLASH_LAST_PAGE       00056000   00002000  00000058  00001fa8  R  X
  RTOS_SRAM             20000000   0000012c  000000e4  00000048  RW X
  SRAM                  20000fdf   00013021  00002990  00010691  RW X


SEGMENT ALLOCATION MAP

run origin  load origin   length   init length attrs members
----------  ----------- ---------- ----------- ----- -------
00000000    00000000    00019dd8   00019dd8    r-x
  00000000    00000000    0000003c   0000003c    r-- .resetVecs
  0000003c    0000003c    00017690   00017690    r-x .text
  000176cc    000176cc    000021ca   000021ca    r-- .const
  00019898    00019898    000000c4   000000c4    r-- .rodata
  00019960    00019960    00000478   00000478    r-- .cinit
00048000    00048000    00004000   00000000    rw-
  00048000    00048000    00004000   00000000    rw- .TI.bound:flashBuf
00057fa8    00057fa8    00000058   00000058    r--
  00057fa8    00057fa8    00000058   00000058    r-- .ccfg
20000100    20000100    0000000c   00000000    rw-
  20000100    20000100    00000004   00000000    rw- .data:xdcRomConstPtr
  20000104    20000104    00000004   00000000    rw- .data:xdcRomExternFuncPtr
  20000108    20000108    00000004   00000000    rw- .data:xdcRomStatePtr
20001830    20001830    00000010   00000000    rw-
  20001830    20001830    00000010   00000000    rw- .TI.bound:dmaSpi0RxControlTableEntry
20001840    20001840    00000010   00000000    rw-
  20001840    20001840    00000010   00000000    rw- .TI.bound:dmaSpi0TxControlTableEntry
20001900    20001900    00000010   00000000    rw-
  20001900    20001900    00000010   00000000    rw- .TI.bound:dmaSpi1RxControlTableEntry
20001910    20001910    00000010   00000000    rw-
  20001910    20001910    00000010   00000000    rw- .TI.bound:dmaSpi1TxControlTableEntry
20001a30    20001a30    00000010   00000000    rw-
  20001a30    20001a30    00000010   00000000    rw- .TI.bound:dmaSpi0RxAltControlTableEntry
20001a40    20001a40    00000010   00000000    rw-
  20001a40    20001a40    00000010   00000000    rw- .TI.bound:dmaSpi0TxAltControlTableEntry
20001b00    20001b00    00000010   00000000    rw-
  20001b00    20001b00    00000010   00000000    rw- .TI.bound:dmaSpi1RxAltControlTableEntry
20001b10    20001b10    00002520   00000000    rw-
  20001b10    20001b10    00000010   00000000    rw- .TI.bound:dmaSpi1TxAltControlTableEntry
  20001b20    20001b20    00000a6b   00000000    rw- .data
  20002590    20002590    00001aa0   00000000    rw- .bss
20013c00    20013c00    00000400   00000000    rw-
  20013c00    20013c00    00000400   00000000    rw- .stack


SECTION ALLOCATION MAP

 output                                  attributes/
section   page    origin      length       input sections
--------  ----  ----------  ----------   ----------------
.data:xdcRomConstPtr 
*          0    20000100    00000004     UNINITIALIZED
                  20000100    00000004     ble_release_pem4f.oem4f (.data:xdcRomConstPtr)

.data:xdcRomExternFuncPtr 
*          0    20000104    00000004     UNINITIALIZED
                  20000104    00000004     ble_release_pem4f.oem4f (.data:xdcRomExternFuncPtr)

.data:xdcRomStatePtr 
*          0    20000108    00000004     UNINITIALIZED
                  20000108    00000004     ble_release_pem4f.oem4f (.data:xdcRomStatePtr)

.bootVecs 
*          0    00000000    00000008     DSECT
                  00000000    00000008     boot.aem4f : boot.oem4f (.bootVecs)

.resetVecs 
*          0    00000000    0000003c     
                  00000000    0000003c     ble_release_pem4f.oem4f (.resetVecs)

.vecs      0    20000000    000000d8     NOLOAD SECTION
                  20000000    000000d8     ble_release_pem4f.oem4f (.vecs)

xdc.meta   0    00000000    0000011e     COPY SECTION
                  00000000    0000011e     ble_release_pem4f.oem4f (xdc.meta)

xdc.noload 
*          0    00000000    00000000     COPY SECTION

.cinit     0    00019960    00000478     
                  00019960    000003a0     (.cinit..data.load) [load image, compression = lzss]
                  00019d00    0000000c     (__TI_handler_table)
                  00019d0c    00000004     --HOLE-- [fill = 0]
                  00019d10    00000008     (.cinit..TI.bound:dmaSpi0RxAltControlTableEntry.load) [load image, compression = zero_init]
                  00019d18    00000008     (.cinit..TI.bound:dmaSpi0RxControlTableEntry.load) [load image, compression = zero_init]
                  00019d20    00000008     (.cinit..TI.bound:dmaSpi0TxAltControlTableEntry.load) [load image, compression = zero_init]
                  00019d28    00000008     (.cinit..TI.bound:dmaSpi0TxControlTableEntry.load) [load image, compression = zero_init]
                  00019d30    00000008     (.cinit..TI.bound:dmaSpi1RxAltControlTableEntry.load) [load image, compression = zero_init]
                  00019d38    00000008     (.cinit..TI.bound:dmaSpi1RxControlTableEntry.load) [load image, compression = zero_init]
                  00019d40    00000008     (.cinit..TI.bound:dmaSpi1TxAltControlTableEntry.load) [load image, compression = zero_init]
                  00019d48    00000008     (.cinit..TI.bound:dmaSpi1TxControlTableEntry.load) [load image, compression = zero_init]
                  00019d50    00000008     (.cinit..bss.load) [load image, compression = zero_init]
                  00019d58    00000008     (.cinit..data:xdcRomConstPtr.load) [load image, compression = lzss]
                  00019d60    00000008     (.cinit..data:xdcRomExternFuncPtr.load) [load image, compression = lzss]
                  00019d68    00000008     (.cinit..data:xdcRomStatePtr.load) [load image, compression = lzss]
                  00019d70    00000068     (__TI_cinit_table)

.init_array 
*          0    00000000    00000000     UNINITIALIZED

.TI.bound:flashBuf 
*          0    00048000    00004000     UNINITIALIZED
                  00048000    00004000     CC2652RB_LAUNCHXL.obj (.TI.bound:flashBuf)

.ccfg      0    00057fa8    00000058     
                  00057fa8    00000058     ccfg_app_ble.obj (.ccfg:retain)

.TI.bound:dmaSpi0RxControlTableEntry 
*          0    20001830    00000010     UNINITIALIZED
                  20001830    00000010     drivers_cc26x2.aem4f : SPICC26X2DMA.oem4f (.TI.bound:dmaSpi0RxControlTableEntry)

.TI.bound:dmaSpi0TxControlTableEntry 
*          0    20001840    00000010     UNINITIALIZED
                  20001840    00000010     drivers_cc26x2.aem4f : SPICC26X2DMA.oem4f (.TI.bound:dmaSpi0TxControlTableEntry)

.TI.bound:dmaSpi1RxControlTableEntry 
*          0    20001900    00000010     UNINITIALIZED
                  20001900    00000010     drivers_cc26x2.aem4f : SPICC26X2DMA.oem4f (.TI.bound:dmaSpi1RxControlTableEntry)

.TI.bound:dmaSpi1TxControlTableEntry 
*          0    20001910    00000010     UNINITIALIZED
                  20001910    00000010     drivers_cc26x2.aem4f : SPICC26X2DMA.oem4f (.TI.bound:dmaSpi1TxControlTableEntry)

.TI.bound:dmaSpi0RxAltControlTableEntry 
*          0    20001a30    00000010     UNINITIALIZED
                  20001a30    00000010     drivers_cc26x2.aem4f : SPICC26X2DMA.oem4f (.TI.bound:dmaSpi0RxAltControlTableEntry)

.TI.bound:dmaSpi0TxAltControlTableEntry 
*          0    20001a40    00000010     UNINITIALIZED
                  20001a40    00000010     drivers_cc26x2.aem4f : SPICC26X2DMA.oem4f (.TI.bound:dmaSpi0TxAltControlTableEntry)

.TI.bound:dmaSpi1RxAltControlTableEntry 
*          0    20001b00    00000010     UNINITIALIZED
                  20001b00    00000010     drivers_cc26x2.aem4f : SPICC26X2DMA.oem4f (.TI.bound:dmaSpi1RxAltControlTableEntry)

.TI.bound:dmaSpi1TxAltControlTableEntry 
*          0    20001b10    00000010     UNINITIALIZED
                  20001b10    00000010     drivers_cc26x2.aem4f : SPICC26X2DMA.oem4f (.TI.bound:dmaSpi1TxAltControlTableEntry)

.data      0    20001b20    00000a6b     UNINITIALIZED
                  20001b20    0000010c     ble_release_pem4f.oem4f (.data:ROM_stateStruct)
                  20001c2c    00000100     ble5_simple_central_cc2652rblp_stack_library.lib : gapbondmgr.obj (.data:$O1$$)
                  20001d2c    000000ec     drivers_cc26x2.aem4f : PowerCC26X2.oem4f (.data:PowerCC26X2_module)
                  20001e18    00000090     profiles_xcxx.a : gapgattserver.o (.data)
                  20001ea8    0000007c     ble5_simple_central_cc2652rblp_stack_library.lib : osal_cbtimer.obj (.data:$O1$$)
                  20001f24    00000050     ll_xcxx.a : ll_config.o (.data)
                  20001f74    00000050     simple_central_menu.obj (.data:scMenuConnect)
                  20001fc4    00000050     simple_central_menu.obj (.data:scMenuSelectConn)
                  20002014    0000004c     ble_release_pem4f.oem4f (.data:ti_sysbios_knl_Task_Object__table__V)
                  20002060    00000048     simple_central_menu.obj (.data:scMenuMain)
                  200020a8    00000048     simple_central_menu.obj (.data:scMenuPerConn)
                  200020f0    00000048     ble_release_pem4f.oem4f (.data:ti_sysbios_family_arm_cc26xx_Timer_Object__table__V)
                  20002138    00000038     simple_central_menu.obj (.data:scMenuConnPhy)
                  20002170    00000038     ble_release_pem4f.oem4f (.data:ti_sysbios_gates_GateMutex_Object__table__V)
                  200021a8    00000030     CC2652RB_LAUNCHXL.obj (.data:gpioPinConfigs)
                  200021d8    00000030     simple_central_menu.obj (.data:scMenuGattWrite)
                  20002208    00000030     ble_release_pem4f.oem4f (.data:ti_sysbios_knl_Swi_Module_State_0_readyQ__A)
                  20002238    00000030     ble_release_pem4f.oem4f (.data:ti_sysbios_knl_Swi_Object__table__V)
                  20002268    00000030     ble_release_pem4f.oem4f (.data:ti_sysbios_knl_Task_Module_State_0_readyQ__A)
                  20002298    00000028     ble5_simple_central_cc2652rblp_stack_library.lib : osal.obj (.data:$O1$$)
                  200022c0    00000028     icall_user_config.obj (.data:nvintfFncStruct)
                  200022e8    00000028     simple_central_menu.obj (.data:scMenuAutoConnect)
                  20002310    00000020     ble_user_config.obj (.data:eccParams_NISTP256)
                  20002330    00000020     simple_central_menu.obj (.data:scMenuScanPhy)
                  20002350    00000020     ble_release_pem4f.oem4f (.data:ti_sysbios_knl_Clock_Object__table__V)
                  20002370    00000020     ble_release_pem4f.oem4f (.data:xdc_runtime_Error_IgnoreBlock)
                  20002390    0000001c     icall.obj (.data)
                  200023ac    00000018     simple_central.obj (.data)
                  200023c4    00000018     ble_release_pem4f.oem4f (.data:ti_sysbios_family_arm_m3_Hwi_Object__table__V)
                  200023dc    00000010     icall_user_config.obj (.data:bleAppServiceInfoTable)
                  200023ec    00000010     CC2652RB_LAUNCHXL.obj (.data:gpioCallbackFunctions)
                  200023fc    00000010     icall_api_lite.obj (.data)
                  2000240c    00000010     ll_xcxx.a : ll.o (.data)
                  2000241c    00000010               : ll_data.o (.data)
                  2000242c    00000010     profiles_xcxx.a : gattservapp.o (.data)
                  2000243c    00000010     main.obj (.data:user0Cfg)
                  2000244c    0000000c     board_key.obj (.data:keyPinsCfg)
                  20002458    0000000c     ble_user_config.obj (.data:pOverridesCoded)
                  20002464    0000000c     ble_release_pem4f.oem4f (.data:ti_sysbios_heaps_HeapCallback_Object__table__V)
                  20002470    00000008     ble5_simple_central_cc2652rblp_stack_library.lib : hal_assert.obj (.data:$O1$$)
                  20002478    00000008                                                      : osal_clock.obj (.data:$O1$$)
                  20002480    00000008     rtsv7M4_T_le_v4SPD16_eabi.lib : _lock.c.obj (.data:$O1$$)
                  20002488    00000008     simple_central.obj (.data:bondMgrCBs)
                  20002490    00000008     drivers_cc26x2.aem4f : PINCC26XX.oem4f (.data)
                  20002498    00000008     icall_cc2650.obj (.data)
                  200024a0    00000008     ble_user_config.obj (.data:pOverridesCommon)
                  200024a8    00000008     ble_release_pem4f.oem4f (.data:ti_sysbios_family_arm_m3_Hwi_Module__root__V)
                  200024b0    00000008     ble_release_pem4f.oem4f (.data:ti_sysbios_gates_GateHwi_Module__root__V)
                  200024b8    00000008     ble_release_pem4f.oem4f (.data:ti_sysbios_gates_GateMutexPri_Module__root__V)
                  200024c0    00000008     ble_release_pem4f.oem4f (.data:ti_sysbios_gates_GateMutex_Module__root__V)
                  200024c8    00000008     ble_release_pem4f.oem4f (.data:ti_sysbios_hal_Hwi_Module__root__V)
                  200024d0    00000008     ble_release_pem4f.oem4f (.data:ti_sysbios_heaps_HeapCallback_Module__root__V)
                  200024d8    00000008     ble_release_pem4f.oem4f (.data:ti_sysbios_heaps_HeapMem_Module__root__V)
                  200024e0    00000008     ble_release_pem4f.oem4f (.data:ti_sysbios_knl_Clock_Module__root__V)
                  200024e8    00000008     ble_release_pem4f.oem4f (.data:ti_sysbios_knl_Event_Module__root__V)
                  200024f0    00000008     ble_release_pem4f.oem4f (.data:ti_sysbios_knl_Mailbox_Module__root__V)
                  200024f8    00000008     ble_release_pem4f.oem4f (.data:ti_sysbios_knl_Queue_Module__root__V)
                  20002500    00000008     ble_release_pem4f.oem4f (.data:ti_sysbios_knl_Semaphore_Module__root__V)
                  20002508    00000008     ble_release_pem4f.oem4f (.data:ti_sysbios_knl_Swi_Module__root__V)
                  20002510    00000008     ble_release_pem4f.oem4f (.data:ti_sysbios_knl_Task_Module__root__V)
                  20002518    00000008     two_btn_menu.obj (.data)
                  20002520    00000006     nvoctp.obj (.data)
                  20002526    00000006     simple_central.obj (.data:rpa)
                  2000252c    00000005     drivers_cc26x2.aem4f : GPIOCC26XX.oem4f (.data)
                  20002531    00000005     simple_central.obj (.data:phy$4)
                  20002536    00000002     display.aem4f : SharpGrLib.oem4f (.data)
                  20002538    00000004     ble5_simple_central_cc2652rblp_stack_library.lib : gap.obj (.data:$O1$$)
                  2000253c    00000004                                                      : osal_pwrmgr.obj (.data:$O1$$)
                  20002540    00000004     icall.obj (.data:ICall_initParams)
                  20002544    00000004     simple_central.obj (.data:acGroup)
                  20002548    00000004     ble5_simple_central_cc2652rblp_stack_library.lib : ble_user_config.obj (.data)
                  2000254c    00000004                                                      : osal_bufmgr.obj (.data)
                  20002550    00000004     ble_user_config.obj (.data)
                  20002554    00000004     board_key.obj (.data)
                  20002558    00000004     drivers_cc26x2.aem4f : GPIOCC26XX.oem4f (.data:gpioPinTable)
                  2000255c    00000004     ble_user_config.obj (.data:pOverrides1Mbps)
                  20002560    00000004     ble_user_config.obj (.data:pOverrides2Mbps)
                  20002564    00000004     rtsv7M4_T_le_v4SPD16_eabi.lib : errno.c.obj (.data)
                  20002568    00000004                                   : stkdepth_vars.c.obj (.data)
                  2000256c    00000004     ble_release_pem4f.oem4f (.data:ti_sysbios_family_arm_m3_Hwi_Module_State_0_excContext__A)
                  20002570    00000004     ble_release_pem4f.oem4f (.data:ti_sysbios_family_arm_m3_Hwi_Module_State_0_excStack__A)
                  20002574    00000004     ble_release_pem4f.oem4f (.data:ti_sysbios_knl_Task_Module_State_0_idleTask__A)
                  20002578    00000002     drivers_cc26x2.aem4f : CryptoResourceCC26XX.oem4f (.data)
                  2000257a    00000002                          : PKAResourceCC26XX.oem4f (.data)
                  2000257c    00000002     ble_release_pem4f.oem4f (.data:ti_sysbios_family_arm_m3_Hwi_Module_State_0_excActive__A)
                  2000257e    00000001     TRNGCC26XX.obj (.data)
                  2000257f    00000001     drivers_cc26x2.aem4f : AESCCMCC26XX.oem4f (.data)
                  20002580    00000001                          : AESECBCC26XX.oem4f (.data)
                  20002581    00000001                          : ECDHCC26X2.oem4f (.data)
                  20002582    00000001                          : NVS.oem4f (.data)
                  20002583    00000001                          : SPI.oem4f (.data)
                  20002584    00000001                          : UART.oem4f (.data)
                  20002585    00000001     ll_xcxx.a : ll_scheduler.o (.data)
                  20002586    00000001     profiles_xcxx.a : gapgattserver.o (.data)
                  20002587    00000001                     : gapgattserver.o (.data)
                  20002588    00000001                     : gapgattserver.o (.data)
                  20002589    00000001                     : gapgattserver.o (.data)
                  2000258a    00000001                     : gapgattserver.o (.data)

.bss       0    20002590    00001aa0     UNINITIALIZED
                  20002590    00000480     CC2652RB_LAUNCHXL.obj (.bss:sharpDisplayBuf)
                  20002a10    00000400     (.common:scTaskStack)
                  20002e10    00000300     ble_release_pem4f.oem4f (.bss:taskStackSection)
                  20003110    00000250     (.common:uartCC26XXObjects)
                  20003360    00000200     rf_multiMode_cc26x2.aem4f : RFCC26X2_multiMode.oem4f (.bss:RF_cmdPool)
                  20003560    000001a8     (.common:spiCC26X2DMAObjects)
                  20003708    000000d8     (.common:ti_sysbios_family_arm_m3_Hwi_dispatchTable)
                  200037e0    00000080     simple_central.obj (.bss:connList)
                  20003860    00000080     CC2652RB_LAUNCHXL.obj (.bss:uartStringBuf)
                  200038e0    0000007c     (.common:pinHandleTable)
                  2000395c    00000004     drivers_cc26x2.aem4f : ECDHCC26X2.oem4f (.bss)
                  20003960    00000068     rf_multiMode_cc26x2.aem4f : RFCC26X2_multiMode.oem4f (.bss:RF_ratModule)
                  200039c8    00000050     (.common:scTask)
                  20003a18    00000048     icall.obj (.bss:ICall_entities)
                  20003a60    00000044     (.common:displaySharpObject)
                  20003aa4    00000040     (.common:uartCC26XXRingBuffer)
                  20003ae4    00000034     rf_multiMode_cc26x2.aem4f : RFCC26X2_multiMode.oem4f (.bss:RF_swiFsmObj)
                  20003b18    00000034                               : RFCC26X2_multiMode.oem4f (.bss:RF_swiHwObj)
                  20003b4c    00000034     drivers_cc26x2.aem4f : PINCC26XX.oem4f (.bss:pinSwi)
                  20003b80    00000028     rf_multiMode_cc26x2.aem4f : RFCC26X2_multiMode.oem4f (.bss:RF_Sch)
                  20003ba8    00000028     (.common:nvFptrs)
                  20003bd0    00000024     icall.obj (.bss:ICall_tasks)
                  20003bf4    00000024     rf_multiMode_cc26x2.aem4f : RFCC26X2_multiMode.oem4f (.bss:RF_clkInactivityObj)
                  20003c18    00000024                               : RFCC26X2_multiMode.oem4f (.bss:RF_clkPowerUpObj)
                  20003c3c    00000024     simple_central.obj (.bss:clkRpaRead)
                  20003c60    00000024     board_key.obj (.bss:keyChangeClock)
                  20003c84    00000020     rf_multiMode_cc26x2.aem4f : RFCC26X2_multiMode.oem4f (.bss:RF_cmdQ)
                  20003ca4    00000020     drivers_cc26x2.aem4f : GPIOCC26XX.oem4f (.bss:gpioCallbackInfo)
                  20003cc4    00000020                          : PINCC26XX.oem4f (.bss:pinGpioConfigTable)
                  20003ce4    00000020     (.common:ecdhCC26X2Objects)
                  20003d04    00000020     (.common:udmaObjects)
                  20003d24    0000001c     driverlib.lib : osc.obj (.bss:$O1$$)
                  20003d40    0000001c     rf_multiMode_cc26x2.aem4f : RFCC26X2_multiMode.oem4f (.bss:RF_hwiCpe0Obj)
                  20003d5c    0000001c                               : RFCC26X2_multiMode.oem4f (.bss:RF_hwiHwObj)
                  20003d78    0000001c     drivers_cc26x2.aem4f : PINCC26XX.oem4f (.bss:pinHwi)
                  20003d94    0000001c                          : PINCC26XX.oem4f (.bss:pinSemaphore)
                  20003db0    0000001c     (.common:CryptoResourceCC26XX_accessSemaphore)
                  20003dcc    0000001c     (.common:CryptoResourceCC26XX_hwi)
                  20003de8    0000001c     (.common:CryptoResourceCC26XX_operationSemaphore)
                  20003e04    0000001c     (.common:PKAResourceCC26XX_accessSemaphore)
                  20003e20    0000001c     (.common:PKAResourceCC26XX_hwi)
                  20003e3c    0000001c     (.common:PKAResourceCC26XX_operationSemaphore)
                  20003e58    00000019     nvoctp.obj (.bss)
                  20003e71    00000002     drivers_cc26x2.aem4f : UARTCC26XX.oem4f (.bss)
                  20003e73    00000001     board_key.obj (.bss)
                  20003e74    00000018     profiles_xcxx.a : gapgattserver.o (.bss)
                  20003e8c    00000018     simple_central.obj (.bss)
                  20003ea4    00000018     display.aem4f : SharpGrLib.oem4f (.bss:spiTrans)
                  20003ebc    00000018     (.common:aesccmCC26XXObjects)
                  20003ed4    00000018     (.common:aesecbCC26XXObjects)
                  20003eec    00000016     rf_multiMode_cc26x2.aem4f : RFCC26X2_multiMode.oem4f (.bss)
                  20003f02    00000002     profiles_xcxx.a : gapgattserver.o (.bss)
                  20003f04    00000014     rf_multiMode_cc26x2.aem4f : RFCC26X2_multiMode.oem4f (.bss:RF_ratSyncCmd)
                  20003f18    00000014                               : RFCC26X2_multiMode.oem4f (.bss:RF_wakeupNotifyObj)
                  20003f2c    00000014     drivers_cc26x2.aem4f : GPIOCC26XX.oem4f (.bss:powerNotifyObj)
                  20003f40    00000010     rf_multiMode_cc26x2.aem4f : RFCC26X2_multiMode.oem4f (.bss:RF_core)
                  20003f50    00000010     util.obj (.bss:str$1)
                  20003f60    0000000c     ble5_simple_central_cc2652rblp_stack_library.lib : osal_timers.obj (.bss:$O1$$)
                  20003f6c    0000000c     nvoctp.obj (.bss:NVOCTP_itemBuffer)
                  20003f78    0000000c     nvoctp.obj (.bss:NVOCTP_nvsAttrs)
                  20003f84    0000000c     simple_central.obj (.bss:appMsg)
                  20003f90    0000000c     drivers_cc26x2.aem4f : NVSCC26XX.oem4f (.bss)
                  20003f9c    0000000c                          : GPIOCC26XX.oem4f (.bss:gpioPinState)
                  20003fa8    0000000c     icall.obj (.bss)
                  20003fb4    0000000c     ll_xcxx.a : ll_scheduler.o (.bss)
                  20003fc0    0000000c     (.common:displayUartObject)
                  20003fcc    0000000c     (.common:keyPins)
                  20003fd8    00000008     display.aem4f : SharpGrLib.oem4f (.bss)
                  20003fe0    00000008     drivers_cc26x2.aem4f : GPIOCC26XX.oem4f (.bss)
                  20003fe8    00000008     simple_central.obj (.bss:groupList)
                  20003ff0    00000008     two_btn_menu.obj (.bss)
                  20003ff8    00000004     drivers_cc26x2.aem4f : PINCC26XX.oem4f (.bss)
                  20003ffc    00000004     ll_xcxx.a : ll.o (.bss)
                  20004000    00000004     profiles_xcxx.a : gapgattserver.o (.bss)
                  20004004    00000004     (.common:ClockP_tickPeriod)
                  20004008    00000004     (.common:HEAPMGR_SIZE)
                  2000400c    00000004     (.common:PowerCC26XX_swiKey)
                  20004010    00000004     (.common:PowerCC26XX_taskKey)
                  20004014    00000004     (.common:hKeyPins)
                  20004018    00000004     (.common:nvsCC26xxObjects)
                  2000401c    00000004     (.common:tasksEvents)
                  20004020    00000004     (.common:trngCC26XXObjects)
                  20004024    00000001     hci_tl_none.a : hci_tl.o (.bss)
                  20004025    00000001                   : hci_tl.o (.bss)
                  20004026    00000001                   : hci_tl.o (.bss)
                  20004027    00000001                   : hci_tl.o (.bss)
                  20004028    00000001                   : hci_tl.o (.bss)
                  20004029    00000001     ll_xcxx.a : ll_config.o (.bss)
                  2000402a    00000001               : ll_config.o (.bss)
                  2000402b    00000001     profiles_xcxx.a : gapgattserver.o (.bss)
                  2000402c    00000001     (.common:driverlib_release_0_54539)
                  2000402d    00000001     (.common:icall_liteTaskId)
                  2000402e    00000001     (.common:osal_entity)
                  2000402f    00000001     (.common:tbmRowItemLast)

.vtable    0    20004030    00000000     UNINITIALIZED

.vtable_ram 
*          0    20004030    00000000     UNINITIALIZED

vtable_ram 
*          0    20004030    00000000     UNINITIALIZED

.sysmem    0    20004030    00000000     UNINITIALIZED

.nonretenvar 
*          0    20004030    00000000     UNINITIALIZED

.stack     0    20013c00    00000400     UNINITIALIZED
                  20013c00    00000400     --HOLE--

.text      0    0000003c    00017690     
                  0000003c    00000a5e     rtsv7M4_T_le_v4SPD16_eabi.lib : _printfi.c.obj (.text:__TI_printfi)
                  00000a9a    00000002     ble5_simple_central_cc2652rblp_stack_library.lib : common_rom_init.obj (.text:CommonROM_Init)
                  00000a9c    00000738     simple_central.obj (.text:SimpleCentral_processGapMsg)
                  000011d4    0000050c     simple_central.obj (.text:SimpleCentral_processAppMsg)
                  000016e0    000004f4     ll_xcxx.a : ll_scheduler.o (.text)
                  00001bd4    00000498               : ll_isr.o (.text)
                  0000206c    0000047e     grlib.a : string.obj (.text:Graphics_drawString)
                  000024ea    00000002     display.aem4f : DisplaySharp.oem4f (.text:DisplaySharp_init)
                  000024ec    000003ea     ble5_simple_central_cc2652rblp_stack_library.lib : gapbondmgr.obj (.text:GAPBondMgr_ProcessGAPMsg)
                  000028d6    00000002     display.aem4f : DisplayUart.oem4f (.text:DisplayUartAnsi_init)
                  000028d8    000003b8     rf_multiMode_cc26x2.aem4f : RFCC26X2_multiMode.oem4f (.text:RF_fsmActiveState)
                  00002c90    00000328     ll_xcxx.a : ll_ae.o (.text)
                  00002fb8    00000300               : ll.o (.text)
                  000032b8    000002e4     drivers_cc26x2.aem4f : SPICC26X2DMA.oem4f (.text:SPICC26X2DMA_transfer)
                  0000359c    000002c8     simple_central.obj (.text:SimpleCentral_processGATTMsg)
                  00003864    000002c0     ll_xcxx.a : ll_isr.o (.text)
                  00003b24    00000274     simple_central.obj (.text:SimpleCentral_processPairState)
                  00003d98    00000270     rtsv7M4_T_le_v4SPD16_eabi.lib : _printfi.c.obj (.text:_pconv_a)
                  00004008    00000260     nvoctp.obj (.text:NVOCTP_compactPage)
                  00004268    00000238     nvoctp.obj (.text:NVOCTP_initNvApi)
                  000044a0    00000238     simple_central.obj (.text:SimpleCentral_processStackMsg)
                  000046d8    00000234     simple_central.obj (.text:SimpleCentral_init)
                  0000490c    00000230     ll_xcxx.a : ll.o (.text)
                  00004b3c    00000228     drivers_cc26x2.aem4f : SPICC26X2DMA.oem4f (.text:SPICC26X2DMA_hwiFxn)
                  00004d64    00000220     ll_xcxx.a : ll_isr.o (.text)
                  00004f84    00000218     ble5_simple_central_cc2652rblp_stack_library.lib : gapbondmgr.obj (.text:GAPBondMgr_SetParameter)
                  0000519c    00000210     ll_xcxx.a : ll_common.o (.text)
                  000053ac    00000204     profiles_xcxx.a : gattservapp.o (.text)
                  000055b0    00000200     ll_xcxx.a : ll_ae.o (.text)
                  000057b0    00000200               : ll_master_end_causes.o (.text)
                  000059b0    000001d8     ble5_simple_central_cc2652rblp_stack_library.lib : gapbondmgr.obj (.text:gapBondMgrAddBond)
                  00005b88    000001d4     nvoctp.obj (.text:NVOCTP_writeItem)
                  00005d5c    000001d0     rtsv7M4_T_le_v4SPD16_eabi.lib : _printfi.c.obj (.text:_pconv_g)
                  00005f2c    000001c8     simple_central.obj (.text:SimpleCentral_menuSwitchCb)
                  000060f4    000001c8     ble5_simple_central_cc2652rblp_stack_library.lib : osal.obj (.text:osal_run_system)
                  000062bc    000001c0     drivers_cc26x2.aem4f : PINCC26XX.oem4f (.text:PIN_init)
                  0000647c    000001bc                          : ECDHCC26X2.oem4f (.text:ECDHCC26X2_runFSM)
                  00006638    000001bc     ble5_simple_central_cc2652rblp_stack_library.lib : gap.obj (.text:GAP_DeviceInit)
                  000067f4    000001bc     simple_central.obj (.text:SimpleCentral_processGATTDiscEvent)
                  000069b0    000001b6     rtsv7M4_T_le_v4SPD16_eabi.lib : fd_add_t2.asm.obj (.text)
                  00006b66    00000002     driverlib.lib : rfc.obj (.text:NOROM_RFCCpePatchReset)
                  00006b68    000001ac     drivers_cc26x2.aem4f : PowerCC26X2.oem4f (.text:Power_sleep)
                  00006d14    000001a8     ll_xcxx.a : ll_data.o (.text)
                  00006ebc    000001a4     ble5_simple_central_cc2652rblp_stack_library.lib : gapbondmgr.obj (.text:GAPBondMgr_ProcessEvent)
                  00007060    000001a0     simple_central.obj (.text:SimpleCentral_doAutoConnect)
                  00007200    0000019c     ll_xcxx.a : ble.o (.text)
                  0000739c    00000194               : ll.o (.text)
                  00007530    00000190     main.obj (.text:AssertHandler)
                  000076c0    00000190     rf_multiMode_cc26x2.aem4f : RFCC26X2_multiMode.oem4f (.text:RF_scheduleCmd)
                  00007850    00000190     drivers_cc26x2.aem4f : PowerCC26X2_calibrateRCOSC.oem4f (.text:calibrateRcoscHf1)
                  000079e0    0000018c                          : PowerCC26X2_calibrateRCOSC.oem4f (.text:runCalibrateFsm)
                  00007b6c    00000180                          : SPICC26X2DMA.oem4f (.text:configNextTransfer)
                  00007cec    0000017c     sm_xcxx.a : sm_intpairing.o (.text)
                  00007e68    00000178     profiles_xcxx.a : gattservapp.o (.text)
                  00007fe0    00000170     rf_multiMode_cc26x2.aem4f : RFCC26X2_multiMode.oem4f (.text:RF_getInfo)
                  00008150    00000170     drivers_cc26x2.aem4f : SPICC26X2DMA.oem4f (.text:SPICC26X2DMA_transferCancel)
                  000082c0    0000015c                          : UARTCC26XX.oem4f (.text:UARTCC26XX_open)
                  0000841c    00000154                          : UARTCC26XX.oem4f (.text:UARTCC26XX_hwiIntFxn)
                  00008570    00000150                          : PowerCC26X2.oem4f (.text:Power_init)
                  000086c0    00000148                          : SPICC26X2DMA.oem4f (.text:SPICC26X2DMA_open)
                  00008808    00000140     icall.obj (.text:ICall_waitMatch)
                  00008948    00000140     drivers_cc26x2.aem4f : SPICC26X2DMA.oem4f (.text:initIO)
                  00008a88    0000013c     rf_multiMode_cc26x2.aem4f : RFCC26X2_multiMode.oem4f (.text:RF_dispatchNextCmd)
                  00008bc4    0000013c     rtsv7M4_T_le_v4SPD16_eabi.lib : _printfi.c.obj (.text:_pconv_e)
                  00008d00    0000013c     ble5_simple_central_cc2652rblp_stack_library.lib : gapbondmgr.obj (.text:gapBondMgrAuthenticate)
                  00008e3c    00000138     drivers_cc26x2.aem4f : NVSCC26XX.oem4f (.text:NVSCC26XX_write)
                  00008f74    00000138                          : UARTCC26XX.oem4f (.text:UARTCC26XX_read)
                  000090ac    00000136     rtsv7M4_T_le_v4SPD16_eabi.lib : fd_div_t2.asm.obj (.text)
                  000091e2    00000002     ble5_simple_central_cc2652rblp_stack_library.lib : onboard.obj (.text:Onboard_soft_reset)
                  000091e4    00000134     icall.obj (.text:ICall_heapMalloc)
                  00009318    00000130     drivers_cc26x2.aem4f : AESCCMCC26XX.oem4f (.text:AESCCM_startOperation)
                  00009448    00000130     nvoctp.obj (.text:NVOCTP_findItem)
                  00009578    0000012c     rf_multiMode_cc26x2.aem4f : RFCC26X2_multiMode.oem4f (.text:RF_init)
                  000096a4    00000128                               : RFCC26X2_multiMode.oem4f (.text:RF_abortCmd)
                  000097cc    00000124     ll_xcxx.a : ll_scheduler.o (.text)
                  000098f0    00000120     rf_multiMode_cc26x2.aem4f : RFCC26X2_multiMode.oem4f (.text:RF_fsmSetupState)
                  00009a10    00000120     rtsv7M4_T_le_v4SPD16_eabi.lib : _printfi.c.obj (.text:fcvt)
                  00009b30    0000011c     nvoctp.obj (.text:NVOCTP_readHeader)
                  00009c4c    00000118     rf_multiMode_cc26x2.aem4f : RFCC26X2_multiMode.oem4f (.text:RF_decodeOverridePointers)
                  00009d64    00000112     grlib.a : rectangle.obj (.text:Graphics_fillRectangle)
                  00009e76    00000002     rf_multiMode_cc26x2.aem4f : RFCC26X2_multiMode.oem4f (.text:RF_defaultCallback)
                  00009e78    00000110     drivers_cc26x2.aem4f : GPIOCC26XX.oem4f (.text:GPIO_setConfig)
                  00009f88    00000110     rtsv7M4_T_le_v4SPD16_eabi.lib : s_scalbn.c.obj (.text:scalbn)
                  0000a098    0000010c     simple_central.obj (.text:SimpleCentral_doConnUpdate)
                  0000a1a4    0000010c     ble5_simple_central_cc2652rblp_stack_library.lib : ble_user_config.obj (.text:setBleUserConfig)
                  0000a2b0    00000108     rf_multiMode_cc26x2.aem4f : RFCC26X2_multiMode.oem4f (.text:RF_fsmPowerUpState)
                  0000a3b8    00000104     drivers_cc26x2.aem4f : UARTCC26XX.oem4f (.text:UARTCC26XX_write)
                  0000a4bc    000000fc     nvoctp.obj (.text:NVOCTP_checkItem)
                  0000a5b8    000000fc     rtsv7M4_T_le_v4SPD16_eabi.lib : fd_mul_t2.asm.obj (.text)
                  0000a6b4    000000f8     drivers_cc26x2.aem4f : AESECBCC26XX.oem4f (.text:AESECB_startOperation)
                  0000a7ac    000000f8     profiles_xcxx.a : gattservapp.o (.text)
                  0000a8a4    000000f8     ble_release_pem4f.oem4f (.text:xdc_runtime_System_printfExtend__I)
                  0000a99c    000000f4     driverlib.lib : sys_ctrl.obj (.text:NOROM_SysCtrlStandby)
                  0000aa90    000000f4     ble5_simple_central_cc2652rblp_stack_library.lib : gapbondmgr.obj (.text:gapBondMgrEraseBonding)
                  0000ab84    000000f0     display.aem4f : DisplaySharp.oem4f (.text:DisplaySharp_open)
                  0000ac74    000000f0     rf_multiMode_cc26x2.aem4f : RFCC26X2_multiMode.oem4f (.text:RF_open)
                  0000ad64    000000f0     ble5_simple_central_cc2652rblp_stack_library.lib : osal_timers.obj (.text:osalTimerUpdate)
                  0000ae54    000000ec     driverlib.lib : osc.obj (.text:FindPolynomialsAndUpdateGlobals)
                  0000af40    000000e6     display.aem4f : SharpGrLib.oem4f (.text:SharpGrLib_rectFill)
                  0000b026    00000002     rtsv7M4_T_le_v4SPD16_eabi.lib : _lock.c.obj (.text:_nop)
                  0000b028    000000e4     display.aem4f : SharpGrLib.oem4f (.text:SharpGrLib_flush)
                  0000b10c    000000e2     profiles_xcxx.a : gapgattserver.o (.text)
                  0000b1ee    00000002     drivers_cc26x2.aem4f : PowerCC26X2.oem4f (.text:emptyClockFunc)
                  0000b1f0    000000e0                          : PINCC26XX.oem4f (.text:PINCC26XX_setIoCfg)
                  0000b2d0    000000e0     ble5_simple_central_cc2652rblp_stack_library.lib : gapbondmgr.obj (.text:gapBondMgr_LinkEst)
                  0000b3b0    000000dc     ll_xcxx.a : ll_data.o (.text)
                  0000b48c    000000dc     ble5_simple_central_cc2652rblp_stack_library.lib : osal.obj (.text:osal_set_event)
                  0000b568    000000da     rf_multiMode_cc26x2.aem4f : RFCC26X2_multiMode.oem4f (.text:RF_updatePaConfiguration)
                  0000b642    00000002     drivers_cc26x2.aem4f : CryptoResourceCC26XX.oem4f (.text:errorSpin)
                  0000b644    000000d8     ble5_simple_central_cc2652rblp_stack_library.lib : gapbondmgr.obj (.text:GAPBondMgr_GetParameter)
                  0000b71c    000000d8     drivers_cc26x2.aem4f : GPIOCC26XX.oem4f (.text:GPIO_init)
                  0000b7f4    000000d8     icall.obj (.text:ICall_heapInit)
                  0000b8cc    000000d4     icall.obj (.text:ICall_enrollService)
                  0000b9a0    000000d4     rf_multiMode_cc26x2.aem4f : RFCC26X2_multiMode.oem4f (.text:RF_initRadioSetup)
                  0000ba74    000000d4                               : RFCC26X2_multiMode.oem4f (.text:RF_pendCmd)
                  0000bb48    000000d4                               : RFCC26X2_multiMode.oem4f (.text:RF_swiHw)
                  0000bc1c    000000cc                               : RFCC26X2_multiMode.oem4f (.text:RF_control)
                  0000bce8    000000cc                               : RFCC26X2_multiMode.oem4f (.text:RF_hwiCpe0Active)
                  0000bdb4    000000cc     simple_central.obj (.text:SimpleCentral_autoConnect)
                  0000be80    000000c8     drivers_cc26x2.aem4f : PowerCC26X2.oem4f (.text:Power_releaseDependency)
                  0000bf48    000000c8     ll_xcxx.a : ll_scheduler.o (.text)
                  0000c010    000000c8     profiles_xcxx.a : gapgattserver.o (.text)
                  0000c0d8    000000c4     drivers_cc26x2.aem4f : PowerCC26X2.oem4f (.text:Power_setDependency)
                  0000c19c    000000c4     ll_xcxx.a : ll_common.o (.text)
                  0000c260    000000c0     icall.obj (.text:ICall_setTimer)
                  0000c320    000000c0     nvoctp.obj (.text:NVOCTP_writeItemApi)
                  0000c3e0    000000c0     drivers_cc26x2.aem4f : UARTCC26XX.oem4f (.text:UARTCC26XX_initIO)
                  0000c4a0    000000bc     ble5_simple_central_cc2652rblp_stack_library.lib : gapbondmgr.obj (.text:GAPBondMgr_FindAddr)
                  0000c55c    000000bc     simple_central.obj (.text:SimpleCentral_doGattWrite)
                  0000c618    000000bc     hci_xcxx.a : hci_event.o (.text)
                  0000c6d4    000000bc     ll_xcxx.a : ll_scheduler.o (.text)
                  0000c790    000000bc     two_btn_menu.obj (.text:tbm_displayItem)
                  0000c84c    000000b8     display.aem4f : DisplaySharp.oem4f (.text:DisplaySharp_vprintf)
                  0000c904    000000b8     drivers_cc26x2.aem4f : UARTCC26XX.oem4f (.text:UARTCC26XX_initHw)
                  0000c9bc    000000b4     display.aem4f : DisplaySharp.oem4f (.text:DisplaySharp_control)
                  0000ca70    000000b4     dpl_cc26x2.aem4f : PowerCC26X2_tirtos.oem4f (.text:PowerCC26XX_standbyPolicy)
                  0000cb24    000000b4     simple_central.obj (.text:SimpleCentral_doSelectConn)
                  0000cbd8    000000b4     ll_xcxx.a : ll_scheduler.o (.text)
                  0000cc8c    000000b1     rtsv7M4_T_le_v4SPD16_eabi.lib : _printfi.c.obj (.text:_ltostr)
                  0000cd3d    00000001     --HOLE-- [fill = 0]
                  0000cd3e    00000002     drivers_cc26x2.aem4f : PKAResourceCC26XX.oem4f (.text:errorSpin)
                  0000cd40    000000b0     icall.obj (.text:ICall_registerApp)
                  0000cdf0    000000b0     rf_multiMode_cc26x2.aem4f : RFCC26X2_multiMode.oem4f (.text:RF_corePowerDown)
                  0000cea0    000000b0     simple_central.obj (.text:SimpleCentral_taskFxn)
                  0000cf50    000000ac     display.aem4f : DisplayUart.oem4f (.text:DisplayUartAnsi_clearLines)
                  0000cffc    000000ac     drivers_cc26x2.aem4f : ECDHCC26X2.oem4f (.text:ECDHCC26X2_hwiFxn)
                  0000d0a8    000000ac                          : PINCC26XX.oem4f (.text:PIN_open)
                  0000d154    000000ac     TRNGCC26XX.obj (.text:TRNGCC26XX_getNumber)
                  0000d200    000000ac     driverlib.lib : setup.obj (.text:TrimAfterColdResetWakeupFromShutDown)
                  0000d2ac    000000aa     display.aem4f : SharpGrLib.oem4f (.text:SharpGrLib_lineDrawH)
                  0000d356    00000002     ble5_simple_central_cc2652rblp_stack_library.lib : hal_assert.obj (.text:halAssertHandler)
                  0000d358    000000a8     icall.obj (.text:HEAPMGR_GETLARGESTFREEBUF)
                  0000d400    000000a8     icall.obj (.text:ICall_send)
                  0000d4a8    000000a8     icall.obj (.text:ICall_sendServiceComplete)
                  0000d550    000000a8     hci_xcxx.a : hci_data.o (.text)
                  0000d5f8    000000a8     icall.obj (.text:icall_directAPI)
                  0000d6a0    000000a7     display.aem4f : DisplayUart.oem4f (.text:DisplayUartAnsi_open)
                  0000d747    00000001     --HOLE-- [fill = 0]
                  0000d748    000000a4     icall.obj (.text:ICall_newTask)
                  0000d7ec    000000a4     ble5_simple_central_cc2652rblp_stack_library.lib : osal_cbtimer.obj (.text:cbTimerSetup)
                  0000d890    000000a4     two_btn_menu.obj (.text:tbm_displayItemPage)
                  0000d934    000000a0     icall.obj (.text:ICall_createRemoteTasksAtRuntime)
                  0000d9d4    000000a0     drivers_cc26x2.aem4f : UARTCC26XX.oem4f (.text:UARTCC26XX_writeCancel)
                  0000da74    000000a0     auto_init.aem4f : auto_init.oem4f (.text)
                  0000db14    000000a0     ble5_simple_central_cc2652rblp_stack_library.lib : gapbondmgr.obj (.text:gapBondMgrUpdateCharCfg)
                  0000dbb4    000000a0     rom_sysbios.aem4f : rom_sysbios.obj (.text:ti_sysbios_knl_Task_setPri__E)
                  0000dc54    0000009f     display.aem4f : DisplayUart.oem4f (.text:DisplayUartAnsi_vprintf)
                  0000dcf3    00000001     --HOLE-- [fill = 0]
                  0000dcf4    0000009c     board_key.obj (.text:Board_initKeys)
                  0000dd90    0000009c     grlib.a : line.obj (.text:Graphics_drawLineH)
                  0000de2c    0000009c     nvoctp.obj (.text:NVOCTP_copyItem)
                  0000dec8    0000009c     drivers_cc26x2.aem4f : UARTCC26XX.oem4f (.text:UARTCC26XX_swiIntFxn)
                  0000df64    0000009c     rtsv7M4_T_le_v4SPD16_eabi.lib : memcpy_t2.asm.obj (.text)
                  0000e000    00000098     icall_cc2650.obj (.text:ICallPlatform_pwrUpdActivityCounter)
                  0000e098    00000098     driverlib.lib : setup.obj (.text:NOROM_SetupTrimDevice)
                  0000e130    00000098     nvoctp.obj (.text:NVOCTP_readItem)
                  0000e1c8    00000098     ble5_simple_central_cc2652rblp_stack_library.lib : gapbondmgr.obj (.text:gapBondMgr_syncResolvingList)
                  0000e260    00000098                                                      : osal_cbtimer.obj (.text:osal_CbTimerProcessEvent)
                  0000e2f8    00000096     rtsv7M4_T_le_v4SPD16_eabi.lib : ull_div_t2.asm.obj (.text)
                  0000e38e    00000094     nvoctp.obj (.text:NVOCTP_doNVCRC)
                  0000e422    00000002     ble5_simple_central_cc2652rblp_stack_library.lib : hal_assert.obj (.text:halAssertSpinlock)
                  0000e424    00000094     drivers_cc26x2.aem4f : SPICC26X2DMA.oem4f (.text:SPICC26X2DMA_control)
                  0000e4b8    00000094     gatt_xcxx.a : gatt_server.o (.text)
                  0000e54c    00000090     rf_multiMode_cc26x2.aem4f : RFCC26X2_multiMode.oem4f (.text:RF_discardPendCmd)
                  0000e5dc    00000090                               : RFCC26X2_multiMode.oem4f (.text:RF_radioOpDoneCb)
                  0000e66c    00000090     display.aem4f : SharpGrLib.oem4f (.text:SharpGrLib_clearScreen)
                  0000e6fc    00000090     util.obj (.text:Util_convertBdAddr2Str)
                  0000e78c    00000090     drivers_cc26x2.aem4f : UARTCC26XX.oem4f (.text:writeTxFifoFlush)
                  0000e81c    0000008c     icall.obj (.text:ICall_getEntityId)
                  0000e8a8    0000008c     rom_sysbios.aem4f : rom_sysbios.obj (.text:ti_sysbios_gates_GateMutexPri_enter__E)
                  0000e934    0000008a     nvoctp.obj (.text:NVOCTP_findOffset)
                  0000e9be    00000002     ll_xcxx.a : ll_isr.o (.text)
                  0000e9c0    00000088     driverlib.lib : osc.obj (.text:NOROM_OSCHF_AttemptToSwitchToXosc)
                  0000ea48    00000088     nvoctp.obj (.text:NVOCTP_write)
                  0000ead0    00000088     rf_multiMode_cc26x2.aem4f : RFCC26X2_multiMode.oem4f (.text:RF_ratFreeChannel)
                  0000eb58    00000088     simple_central.obj (.text:SimpleCentral_CancelRssi)
                  0000ebe0    00000088     drivers_cc26x2.aem4f : PowerCC26X2_calibrateRCOSC.oem4f (.text:calibrateRcoscHf2)
                  0000ec68    00000088                          : PowerCC26X2.oem4f (.text:disableLFClockQualifiers)
                  0000ecf0    00000088                          : PowerCC26X2_calibrateRCOSC.oem4f (.text:updateSubSecInc)
                  0000ed78    00000086     rtsv7M4_T_le_v4SPD16_eabi.lib : fd_cmp_t2.asm.obj (.text:__aeabi_cdcmple)
                  0000edfe    00000086                                   : fd_cmp_t2.asm.obj (.text:__aeabi_cdrcmple)
                  0000ee84    00000084     CC2652RB_LAUNCHXL_fxns.obj (.text:CC2652RB_LAUNCHXL_sendExtFlashByte)
                  0000ef08    00000084     icall.obj (.text:ICall_wait)
                  0000ef8c    00000084     simple_central.obj (.text:SimpleCentral_StartRssi)
                  0000f010    00000084     simple_central.obj (.text:SimpleCentral_doConnect)
                  0000f094    00000084     simple_central.obj (.text:SimpleCentral_doSetConnPhy)
                  0000f118    00000084     simple_central.obj (.text:SimpleCentral_processCmdCompleteEvt)
                  0000f19c    00000084     drivers_cc26x2.aem4f : UARTCC26XX.oem4f (.text:UARTCC26XX_close)
                  0000f220    00000084     ble5_simple_central_cc2652rblp_stack_library.lib : osal.obj (.text:osal_event_send)
                  0000f2a4    00000080     drivers_cc26x2.aem4f : ECDHCC26X2.oem4f (.text:ECDH_computeSharedSecret)
                  0000f324    00000080                          : NVSCC26XX.oem4f (.text:NVSCC26XX_open)
                  0000f3a4    00000080     simple_central.obj (.text:SimpleCentral_doSetScanPhy)
                  0000f424    00000080     ble5_simple_central_cc2652rblp_stack_library.lib : osal_icall_ble.obj (.text:osalInitTasks)
                  0000f4a4    00000080     rom_sysbios.aem4f : rom_sysbios.obj (.text:ti_sysbios_family_arm_cc26xx_Timer_start__E)
                  0000f524    0000007e     rf_multiMode_cc26x2.aem4f : RFCC26X2_multiMode.oem4f (.text:RF_verifyGap)
                  0000f5a2    00000002     rtsv7M4_T_le_v4SPD16_eabi.lib : div0.asm.obj (.text)
                  0000f5a4    0000007c     simple_central.obj (.text:SimpleCentral_addConnInfo)
                  0000f620    0000007c     drivers_cc26x2.aem4f : PowerCC26X2.oem4f (.text:configureXOSCHF)
                  0000f69c    0000007a     rtsv7M4_T_le_v4SPD16_eabi.lib : memset_t2.asm.obj (.text)
                  0000f716    00000002     ble_release_pem4f.oem4f (.text:ti_sysbios_BIOS_nullFunc__I)
                  0000f718    00000078     drivers_cc26x2.aem4f : ECDHCC26X2.oem4f (.text:ECDH_generatePublicKey)
                  0000f790    00000078     icall.obj (.text:ICall_createRemoteTasks)
                  0000f808    00000078     nvoctp.obj (.text:NVOCTP_compactNvApi)
                  0000f880    00000078     rf_multiMode_cc26x2.aem4f : RFCC26X2_multiMode.oem4f (.text:RF_ratDispatchTime)
                  0000f8f8    00000078     profiles_xcxx.a : gattservapp.o (.text)
                  0000f970    00000078     two_btn_menu.obj (.text:tbm_buttonRight)
                  0000f9e8    00000074     nvoctp.obj (.text:NVOCTP_readItemApi)
                  0000fa5c    00000074     drivers_cc26x2.aem4f : PowerCC26X2_calibrateRCOSC.oem4f (.text:PowerCC26X2_auxISR)
                  0000fad0    00000074     rf_multiMode_cc26x2.aem4f : RFCC26X2_multiMode.oem4f (.text:RF_issueRadioFreeCb)
                  0000fb44    00000074                               : RFCC26X2_multiMode.oem4f (.text:RF_setInactivityTimeout)
                  0000fbb8    00000074     ble5_simple_central_cc2652rblp_stack_library.lib : osal.obj (.text:osal_msg_enqueue_push)
                  0000fc2c    00000074     rom_sysbios.aem4f : rom_sysbios.obj (.text:ti_sysbios_gates_GateMutexPri_leave__E)
                  0000fca0    00000072     rf_multiMode_cc26x2.aem4f : RFCC26X2_multiMode.oem4f (.text:RF_detachOverrides)
                  0000fd12    00000072     drivers_cc26x2.aem4f : SPICC26X2DMA.oem4f (.text:csnCallback)
                  0000fd84    00000070     driverlib.lib : osc.obj (.text:NOROM_OSC_HPOSCRtcCompensate)
                  0000fdf4    00000070                   : rfc.obj (.text:NOROM_RFCAnaDivTxOverride)
                  0000fe64    00000070     nvoctp.obj (.text:NVOCTP_erase)
                  0000fed4    00000070     drivers_cc26x2.aem4f : PINCC26XX.oem4f (.text:PIN_add)
                  0000ff44    00000070     rf_multiMode_cc26x2.aem4f : RFCC26X2_multiMode.oem4f (.text:RF_hwiHw)
                  0000ffb4    00000070     gatt_xcxx.a : gatt_server.o (.text)
                  00010024    00000070     ll_xcxx.a : ll_scheduler.o (.text)
                  00010094    00000070     ble5_simple_central_cc2652rblp_stack_library.lib : osal.obj (.text:osal_msg_receive)
                  00010104    0000006e     rf_multiMode_cc26x2.aem4f : RFCC26X2_multiMode.oem4f (.text:RF_attachOverrides)
                  00010172    0000006e     rtsv7M4_T_le_v4SPD16_eabi.lib : _printfi.c.obj (.text:_mcpy)
                  000101e0    0000006e     gatt_xcxx.a : gatt_server.o (.text)
                  0001024e    0000006e     ll_xcxx.a : ll_common.o (.text)
                  000102bc    0000006e     rtsv7M4_T_le_v4SPD16_eabi.lib : fd_tos_t2.asm.obj (.text)
                  0001032a    0000006e                                   : ll_div_t2.asm.obj (.text)
                  00010398    0000006d     rom_sysbios.aem4f : rom_sysbios.obj (.text:xdc_runtime_System_formatNum__I)
                  00010405    00000001     --HOLE-- [fill = 0]
                  00010406    00000002                       : rom_sysbios.obj (.text:ti_sysbios_heaps_HeapCallback_defaultDelete)
                  00010408    0000006c     icall.obj (.text:ICall_init)
                  00010474    0000006c     nvoctp.obj (.text:NVOCTP_setPageActive)
                  000104e0    0000006c     drivers_cc26x2.aem4f : UARTCC26XX.oem4f (.text:UARTCC26XX_readCancel)
                  0001054c    0000006c     ble5_simple_central_cc2652rblp_stack_library.lib : osal_cbtimer.obj (.text:osal_CbTimerUpdate)
                  000105b8    0000006a     rf_multiMode_cc26x2.aem4f : RFCC26X2_multiMode.oem4f (.text:RF_howToSchedule)
                  00010622    0000006a     ble5_simple_central_cc2652rblp_stack_library.lib : gapbondmgr.obj (.text:gapBondMgrEraseLocalInfo)
                  0001068c    00000068     driverlib.lib : osc.obj (.text:NOROM_OSCHF_SwitchToRcOscTurnOffXosc)
                  000106f4    00000068     nvoctp.obj (.text:NVOCTP_newItem)
                  0001075c    00000068     rf_multiMode_cc26x2.aem4f : RFCC26X2_multiMode.oem4f (.text:RF_getCurrentTime)
                  000107c4    00000068                               : RFCC26X2_multiMode.oem4f (.text:RF_ratDisableChannel)
                  0001082c    00000068                               : RFCC26X2_multiMode.oem4f (.text:RF_ratSetupChannel)
                  00010894    00000068     rtsv7M4_T_le_v4SPD16_eabi.lib : copy_decompress_lzss.c.obj (.text:decompress:lzss:__TI_decompress_lzss)
                  000108fc    00000068     ll_xcxx.a : ll_isr.o (.text)
                  00010964    00000068     profiles_xcxx.a : gattservapp.o (.text)
                  000109cc    00000068     two_btn_menu.obj (.text:tbm_findActiveItem)
                  00010a34    00000066     rf_multiMode_cc26x2.aem4f : RFCC26X2_multiMode.oem4f (.text:RF_syncCb)
                  00010a9a    00000002     ble_release_pem4f.oem4f (.text:ti_sysbios_rom_cortexm_cc26xx_cc26x2v2_CC26xx_badRomRevision__E)
                  00010a9c    00000064     drivers_cc26x2.aem4f : AESCCMCC26XX.oem4f (.text:AESCCM_waitForResult)
                  00010b00    00000064                          : CryptoResourceCC26XX.oem4f (.text:CryptoResourceCC26XX_constructRTOSObjects)
                  00010b64    00000064                          : ECDHCC26X2.oem4f (.text:ECDH_open)
                  00010bc8    00000064     icall.obj (.text:ICall_searchTask)
                  00010c2c    00000064     nvoctp.obj (.text:NVOCTP_verifyCRC)
                  00010c90    00000064     drivers_cc26x2.aem4f : PKAResourceCC26XX.oem4f (.text:PKAResourceCC26XX_constructRTOSObjects)
                  00010cf4    00000064     rf_multiMode_cc26x2.aem4f : RFCC26X2_multiMode.oem4f (.text:RF_updateHpOscOverride)
                  00010d58    00000064     simple_central.obj (.text:SimpleCentral_removeConnInfo)
                  00010dbc    00000064     drivers_cc26x2.aem4f : UARTCC26XX.oem4f (.text:UARTCC26XX_control)
                  00010e20    00000064     rtsv7M4_T_le_v4SPD16_eabi.lib : s_frexp.c.obj (.text:frexp)
                  00010e84    00000064     main.obj (.text:main)
                  00010ee8    00000064     profiles_xcxx.a : gattservapp.o (.text)
                  00010f4c    00000062     ble5_simple_central_cc2652rblp_stack_library.lib : gapbondmgr.obj (.text:gapBondMgrBondReq)
                  00010fae    00000002     rom_sysbios.aem4f : rom_sysbios.obj (.text:xdc_runtime_SysCallback_defaultAbort)
                  00010fb0    00000060     drivers_cc26x2.aem4f : AESCCMCC26XX.oem4f (.text:AESCCM_hwiFxn)
                  00011010    00000060                          : AESCCMCC26XX.oem4f (.text:AESCCM_open)
                  00011070    00000060                          : AESECBCC26XX.oem4f (.text:AESECB_hwiFxn)
                  000110d0    00000060                          : AESECBCC26XX.oem4f (.text:AESECB_open)
                  00011130    00000060                          : AESECBCC26XX.oem4f (.text:AESECB_waitForResult)
                  00011190    00000060                          : GPIOCC26XX.oem4f (.text:GPIO_write)
                  000111f0    00000060     icall.obj (.text:ICall_searchServiceEntity)
                  00011250    00000060     rf_multiMode_cc26x2.aem4f : RFCC26X2_multiMode.oem4f (.text:RF_applyRfCorePatch)
                  000112b0    00000060                               : RFCC26X2_multiMode.oem4f (.text:RF_dispatchNextEvent)
                  00011310    00000060                               : RFCC26X2_multiMode.oem4f (.text:RF_ratAllocChannel)
                  00011370    00000060                               : RFCC26X2_multiMode.oem4f (.text:RF_ratArmChannel)
                  000113d0    00000060     util.obj (.text:Util_constructClock)
                  00011430    00000060     profiles_xcxx.a : gattservapp.o (.text)
                  00011490    00000060     ble5_simple_central_cc2652rblp_stack_library.lib : osal_icall_ble.obj (.text:stack_main)
                  000114f0    0000005c     drivers_cc26x2.aem4f : AESCCMCC26XX.oem4f (.text:AESCCM_cleanup)
                  0001154c    0000005c     display.aem4f : Display.oem4f (.text:Display_doOpen)
                  000115a8    0000005c     icall.obj (.text:ICall_msecs2Ticks)
                  00011604    0000005c     icall.obj (.text:ICall_primEntityId2ServiceId)
                  00011660    0000005c     drivers_cc26x2.aem4f : PINCC26XX.oem4f (.text:PIN_remove)
                  000116bc    0000005c     rf_multiMode_cc26x2.aem4f : RFCC26X2_multiMode.oem4f (.text:RF_fsmXOSCState)
                  00011718    0000005c                               : RFCC26X2_multiMode.oem4f (.text:RF_hwiCpe0PowerFsm)
                  00011774    0000005c     simple_central.obj (.text:SimpleCentral_doGattRead)
                  000117d0    0000005c     simple_central.obj (.text:SimpleCentral_doRssiRead)
                  0001182c    0000005c     simple_central.obj (.text:SimpleCentral_enqueueMsg)
                  00011888    0000005c     simple_central.obj (.text:SimpleCentral_scanCb)
                  000118e4    0000005c     util.obj (.text:Util_isBufSet)
                  00011940    0000005c     drivers_cc26x2.aem4f : NVSCC26XX.oem4f (.text:doErase)
                  0001199c    0000005c     ble5_simple_central_cc2652rblp_stack_library.lib : gapbondmgr.obj (.text:gapBondMgr_UpdateCharCfg)
                  000119f8    0000005c                                                      : gapbondmgr.obj (.text:gapBondStateStartSecurity)
                  00011a54    0000005c     drivers_cc26x2.aem4f : SPICC26X2DMA.oem4f (.text:initHw)
                  00011ab0    0000005c     ll_xcxx.a : ll_scheduler.o (.text)
                  00011b0c    0000005c     ble5_simple_central_cc2652rblp_stack_library.lib : osal_cbtimer.obj (.text:osal_CbTimerStop)
                  00011b68    0000005c     profiles_xcxx.a : gattservapp.o (.text)
                  00011bc4    0000005c     two_btn_menu.obj (.text:tbm_initTwoBtnMenu)
                  00011c20    0000005c     ble_release_pem4f.oem4f (.text:xdc_runtime_Startup_getState__I)
                  00011c7c    0000005a     simple_central.obj (.text:SimpleCentral_passcodeCb)
                  00011cd6    00000058     icall.obj (.text:ICall_fetchMsg)
                  00011d2e    00000002     rom_sysbios.aem4f : rom_sysbios.obj (.text:xdc_runtime_SysCallback_defaultExit)
                  00011d30    00000058     nvoctp.obj (.text:NVOCTP_loadApiPtrsMin)
                  00011d88    00000058     drivers_cc26x2.aem4f : PowerCC26X2_calibrateRCOSC.oem4f (.text:PowerCC26X2_initiateCalibration)
                  00011de0    00000058     rf_multiMode_cc26x2.aem4f : RFCC26X2_multiMode.oem4f (.text:RF_cmdDispatchTime)
                  00011e38    00000058     display.aem4f : SharpGrLib.oem4f (.text:SharpGrLib_lineDrawV)
                  00011e90    00000058     simple_central.obj (.text:SimpleCentral_processPasscode)
                  00011ee8    00000058     boot.aem4f : boot.oem4f (.text)
                  00011f40    00000058     ble5_simple_central_cc2652rblp_stack_library.lib : osal_timers.obj (.text:osal_timer_refTimeUpdate)
                  00011f98    00000058     two_btn_menu.obj (.text:tbm_buttonLeft)
                  00011ff0    00000058     two_btn_menu.obj (.text:tbm_goTo)
                  00012048    00000056     rtsv7M4_T_le_v4SPD16_eabi.lib : _printfi.c.obj (.text:_pconv_f)
                  0001209e    00000056     ble5_simple_central_cc2652rblp_stack_library.lib : gapbondmgr.obj (.text:gapBondMgrSetStateFlagFromConnhandle)
                  000120f4    00000054     drivers_cc26x2.aem4f : NVSCC26XX.oem4f (.text:NVSCC26XX_init)
                  00012148    00000054     simple_central.obj (.text:SimpleCentral_getConnAddrStr)
                  0001219c    00000054     simple_central.obj (.text:SimpleCentral_startSvcDiscovery)
                  000121f0    00000054     TRNGCC26XX.obj (.text:TRNGCC26XX_isParamValid)
                  00012244    00000054     ll_xcxx.a : ll_scheduler.o (.text)
                  00012298    00000054     rtsv7M4_T_le_v4SPD16_eabi.lib : ltoa.c.obj (.text:ltoa)
                  000122ec    00000054     ble5_simple_central_cc2652rblp_stack_library.lib : osal_bufmgr.obj (.text:osal_bm_free)
                  00012340    00000054     drivers_cc26x2.aem4f : GPIOCC26XX.oem4f (.text:powerPostNotify)
                  00012394    00000054     profiles_xcxx.a : gattservapp.o (.text)
                  000123e8    00000052     grlib.a : context.obj (.text:Graphics_initContext)
                  0001243a    00000052     icall.obj (.text:ICall_msgEnqueue)
                  0001248c    00000052     rf_multiMode_cc26x2.aem4f : RFCC26X2_multiMode.oem4f (.text:RF_defaultSubmitPolicy)
                  000124de    00000052     rtsv7M4_T_le_v4SPD16_eabi.lib : _printfi.c.obj (.text:_ecpy)
                  00012530    00000052     ble5_simple_central_cc2652rblp_stack_library.lib : gapbondmgr.obj (.text:gapBondMgrChangeState)
                  00012582    00000052     ll_xcxx.a : ll_isr.o (.text)
                  000125d4    00000050     dpl_cc26x2.aem4f : ClockP_tirtos.oem4f (.text:ClockP_construct)
                  00012624    00000050     drivers_cc26x2.aem4f : GPIOCC26XX.oem4f (.text:GPIO_enableInt)
                  00012674    00000050     icall.obj (.text:ICall_getMaxMSecs)
                  000126c4    00000050     icall.obj (.text:ICall_heapFree)
                  00012714    00000050     driverlib.lib : chipinfo.obj (.text:NOROM_ChipInfo_GetChipType)
                  00012764    00000050     rf_multiMode_cc26x2.aem4f : RFCC26X2_multiMode.oem4f (.text:RF_ratGenerateChCmd)
                  000127b4    00000050                               : RFCC26X2_multiMode.oem4f (.text:RF_wakeupNotification)
                  00012804    00000050     drivers_cc26x2.aem4f : SPICC26X2DMA.oem4f (.text:SPICC26X2DMA_close)
                  00012854    00000050     crc.obj (.text:crc_update)
                  000128a4    00000050     ll_xcxx.a : ll_scheduler.o (.text)
                  000128f4    0000004e     display.aem4f : DisplaySharp.oem4f (.text:DisplaySharp_clearLines)
                  00012942    00000002     rom_sysbios.aem4f : rom_sysbios.obj (.text:xdc_runtime_SysCallback_defaultFlush)
                  00012944    0000004c     CC2652RB_LAUNCHXL_fxns.obj (.text:CC2652RB_LAUNCHXL_wakeUpExtFlash)
                  00012990    0000004c     rf_multiMode_cc26x2.aem4f : RFCC26X2_multiMode.oem4f (.text:RF_ratRestartChannels)
                  000129dc    0000004c     drivers_cc26x2.aem4f : UDMACC26XX.oem4f (.text:UDMACC26XX_open)
                  00012a28    0000004c     rtsv7M4_T_le_v4SPD16_eabi.lib : atoi.c.obj (.text:atoi)
                  00012a74    0000004c                                   : cpy_tbl.c.obj (.text:copy_in)
                  00012ac0    0000004c     ble5_simple_central_cc2652rblp_stack_library.lib : gapbondmgr.obj (.text:gapBondMgrReadBonds)
                  00012b0c    0000004c                                                      : gapbondmgr.obj (.text:gapBondMgrUpdateLruBondList)
                  00012b58    0000004c     ll_xcxx.a : ll_scheduler.o (.text)
                  00012ba4    0000004c     ble5_simple_central_cc2652rblp_stack_library.lib : osal_clock.obj (.text:osalAdjustTimer)
                  00012bf0    0000004c     profiles_xcxx.a : gapgattserver.o (.text)
                  00012c3c    0000004c                     : gattservapp.o (.text)
                  00012c88    0000004c     drivers_cc26x2.aem4f : UARTCC26XX.oem4f (.text:startTxFifoEmptyClk)
                  00012cd4    0000004c     two_btn_menu.obj (.text:tbm_getNumDisplayItem)
                  00012d20    0000004a     icall.obj (.text:ICall_msgPrepend)
                  00012d6a    00000048     drivers_cc26x2.aem4f : ECDHCC26X2.oem4f (.text:ECDHCC26X2_convertReturnValue)
                  00012db2    00000048     icall.obj (.text:ICall_fetchServiceMsg)
                  00012dfa    00000002     rom_sysbios.aem4f : rom_sysbios.obj (.text:xdc_runtime_SysCallback_defaultPutch)
                  00012dfc    00000048     driverlib.lib : osc.obj (.text:NOROM_OSC_HPOSCInitializeFrequencyOffsetParameters)
                  00012e44    00000048                   : rfc.obj (.text:NOROM_RFCSynthPowerDown)
                  00012e8c    00000048     drivers_cc26x2.aem4f : NVS.oem4f (.text:NVS_open)
                  00012ed4    00000048                          : PINCC26XX.oem4f (.text:PIN_setOutputEnable)
                  00012f1c    00000048                          : PowerCC26X2_calibrateRCOSC.oem4f (.text:PowerCC26X2_RCOSC_clockFunc)
                  00012f64    00000048                          : PowerCC26X2.oem4f (.text:PowerCC26XX_switchXOSC_HF)
                  00012fac    00000048     simple_central.obj (.text:SimpleCentral_getConnIndex)
                  00012ff4    00000048     drivers_cc26x2.aem4f : NVSCC26XX.oem4f (.text:disableFlashCache)
                  0001303c    00000048     ble5_simple_central_cc2652rblp_stack_library.lib : gapbondmgr.obj (.text:gapBondMgr_ReadGattChar)
                  00013084    00000048                                                      : gapbondmgr.obj (.text:gapBondStateStartNextGATTDisc)
                  000130cc    00000048     ll_xcxx.a : ll_common.o (.text)
                  00013114    00000048               : ll_scheduler.o (.text)
                  0001315c    00000048     ble5_simple_central_cc2652rblp_stack_library.lib : osal_timers.obj (.text:osalAddTimer)
                  000131a4    00000048                                                      : osal.obj (.text:osal_init_system)
                  000131ec    00000048                                                      : osal_timers.obj (.text:osal_start_timerEx)
                  00013234    00000048     rtsv7M4_T_le_v4SPD16_eabi.lib : fd_toi_t2.asm.obj (.text)
                  0001327c    00000048     drivers_cc26x2.aem4f : PowerCC26X2.oem4f (.text:switchXOSCHF)
                  000132c4    00000048                          : UARTCC26XX.oem4f (.text:writeFinishedDoCallback)
                  0001330c    00000046                          : RingBuf.oem4f (.text:RingBuf_put)
                  00013352    00000046     display.aem4f : SharpGrLib.oem4f (.text:SharpGrLib_drawMultiple)
                  00013398    00000046     ble5_simple_central_cc2652rblp_stack_library.lib : icall_lite_translation.obj (.text:icall_liteTranslation)
                  000133de    00000002     --HOLE-- [fill = 0]
                  000133e0    00000044     board_key.obj (.text:Board_keyCallback)
                  00013424    00000044     drivers_cc26x2.aem4f : CryptoResourceCC26XX.oem4f (.text:CryptoResourceCC26XX_destructRTOSObjects)
                  00013468    00000044                          : ECDHCC26X2.oem4f (.text:ECDHCC26X2_waitForResult)
                  000134ac    00000044     icall.obj (.text:ICall_getLocalMsgEntityId)
                  000134f0    00000044     driverlib.lib : chipinfo.obj (.text:NOROM_ChipInfo_GetHwRevision)
                  00013534    00000044     drivers_cc26x2.aem4f : NVSCC26XX.oem4f (.text:NVSCC26XX_read)
                  00013578    00000044                          : PINCC26XX.oem4f (.text:PIN_swi)
                  000135bc    00000044                          : PKAResourceCC26XX.oem4f (.text:PKAResourceCC26XX_destructRTOSObjects)
                  00013600    00000044     rf_multiMode_cc26x2.aem4f : RFCC26X2_multiMode.oem4f (.text:RF_cmdGet)
                  00013644    00000044                               : RFCC26X2_multiMode.oem4f (.text:RF_cmdStoreEvents)
                  00013688    00000044     drivers_cc26x2.aem4f : SPI.oem4f (.text:SPI_init)
                  000136cc    00000044     simple_central.obj (.text:SimpleCentral_clockHandler)
                  00013710    00000044     drivers_cc26x2.aem4f : UART.oem4f (.text:UART_init)
                  00013754    00000042                          : SPICC26X2DMA.oem4f (.text:SPICC26X2DMA_swiFxn)
                  00013796    00000042     display.aem4f : SharpGrLib.oem4f (.text:SharpGrLib_pixelDraw)
                  000137d8    00000042     util.obj (.text:Util_enqueueMsg)
                  0001381a    00000002     --HOLE-- [fill = 0]
                  0001381c    00000040     CC2652RB_LAUNCHXL_fxns.obj (.text:CC2652RB_LAUNCHXL_shutDownExtFlash)
                  0001385c    00000040     ble5_simple_central_cc2652rblp_stack_library.lib : gapbondmgr.obj (.text:GAPBondMgr_Init)
                  0001389c    00000040     grlib.a : string.obj (.text:Graphics_getNumberOfLeadingZeros)
                  000138dc    00000040     icall_cc2650.obj (.text:ICallPlatform_pwrDispenseImpl)
                  0001391c    00000040     icall_cc2650.obj (.text:ICallPlatform_pwrRequireImpl)
                  0001395c    00000040     icall.obj (.text:ICall_heapGetStats)
                  0001399c    00000040     nvoctp.obj (.text:NVOCTP_setItemInactive)
                  000139dc    00000040     drivers_cc26x2.aem4f : PowerCC26X2.oem4f (.text:PowerCC26XX_isStableXOSC_HF)
                  00013a1c    00000040                          : RingBuf.oem4f (.text:RingBuf_get)
                  00013a5c    00000040     ble5_simple_central_cc2652rblp_stack_library.lib : gapbondmgr.obj (.text:gapBondMgr_SupportsCentAddrRes)
                  00013a9c    00000040     ll_xcxx.a : ll_scheduler.o (.text)
                  00013adc    00000040     ble5_simple_central_cc2652rblp_stack_library.lib : osal_bufmgr.obj (.text:osal_bm_alloc)
                  00013b1c    00000040                                                      : osal.obj (.text:osal_clear_event)
                  00013b5c    00000040                                                      : osal.obj (.text:osal_msg_extract)
                  00013b9c    00000040     profiles_xcxx.a : gattservapp.o (.text)
                  00013bdc    00000040     rtsv7M4_T_le_v4SPD16_eabi.lib : u_divt2.asm.obj (.text)
                  00013c1c    00000040                                   : sprintf.c.obj (.text:sprintf)
                  00013c5c    00000040     rom_sysbios.aem4f : rom_sysbios.obj (.text:ti_sysbios_family_arm_cc26xx_Timer_setThreshold__I)
                  00013c9c    00000040                       : rom_sysbios.obj (.text:ti_sysbios_heaps_HeapCallback_Module_startup__E)
                  00013cdc    0000003e     dpl_cc26x2.aem4f : HwiP_tirtos.oem4f (.text:HwiP_construct)
                  00013d1a    0000003e     icall.obj (.text:ICall_msgDequeue)
                  00013d58    0000003e     icall.obj (.text:ICall_sendServiceMsg)
                  00013d96    0000003e     simple_central.obj (.text:SimpleCentral_pairStateCb)
                  00013dd4    0000003e     rtsv7M4_T_le_v4SPD16_eabi.lib : _printfi.c.obj (.text:_fcpy)
                  00013e12    00000002     --HOLE-- [fill = 0]
                  00013e14    0000003c     drivers_cc26x2.aem4f : AESCCMCC26XX.oem4f (.text:AESCCM_init)
                  00013e50    0000003c                          : AESECBCC26XX.oem4f (.text:AESECB_init)
                  00013e8c    0000003c                          : ECDHCC26X2.oem4f (.text:ECDH_init)
                  00013ec8    0000003c     nvoctp.obj (.text:NVOCTP_read)
                  00013f04    0000003c     drivers_cc26x2.aem4f : PINCC26XX.oem4f (.text:PIN_setInterrupt)
                  00013f40    0000003c                          : PINCC26XX.oem4f (.text:PIN_setOutputValue)
                  00013f7c    0000003c     rf_multiMode_cc26x2.aem4f : RFCC26X2_multiMode.oem4f (.text:RF_calculateDispatchTime)
                  00013fb8    0000003c     drivers_cc26x2.aem4f : SPI.oem4f (.text:SPI_open)
                  00013ff4    0000003c     dpl_cc26x2.aem4f : SwiP_tirtos.oem4f (.text:SwiP_construct)
                  00014030    0000003c     drivers_cc26x2.aem4f : UART.oem4f (.text:UART_open)
                  0001406c    0000003c     ble5_simple_central_cc2652rblp_stack_library.lib : osal_bufmgr.obj (.text:bm_desc_from_payload)
                  000140a8    0000003c     drivers_cc26x2.aem4f : NVSCC26XX.oem4f (.text:checkEraseRange)
                  000140e4    0000003c     hci_tl_none.a : hci_tl.o (.text)
                  00014120    0000003c     ll_xcxx.a : ll_scheduler.o (.text)
                  0001415c    0000003c     ble5_simple_central_cc2652rblp_stack_library.lib : osal_timers.obj (.text:osal_start_reload_timer)
                  00014198    0000003c     profiles_xcxx.a : gattservapp.o (.text)
                  000141d4    0000003c                     : gattservapp.o (.text)
                  00014210    0000003c     two_btn_menu.obj (.text:tbm_setItemStatus)
                  0001424c    0000003c     rom_sysbios.aem4f : rom_sysbios.obj (.text:ti_sysbios_family_arm_m3_Hwi_construct2__E)
                  00014288    00000038     driverlib.lib : osc.obj (.text:NOROM_OSC_HPOSCRelativeFrequencyOffsetGet)
                  000142c0    00000038     drivers_cc26x2.aem4f : PINCC26XX.oem4f (.text:PIN_setConfig)
                  000142f8    00000038     ble5_simple_central_cc2652rblp_stack_library.lib : rom_init.obj (.text:ROM_Init)
                  00014330    00000038     simple_central.obj (.text:SimpleCentral_createTask)
                  00014368    00000038     ll_xcxx.a : ll.o (.text)
                  000143a0    00000038               : ll_common.o (.text)
                  000143d8    00000038               : ll_scheduler.o (.text)
                  00014410    00000038     drivers_cc26x2.aem4f : PowerCC26X2.oem4f (.text:notify)
                  00014448    00000038     ble5_simple_central_cc2652rblp_stack_library.lib : osal.obj (.text:osal_alien2proxy)
                  00014480    00000038                                                      : osal.obj (.text:osal_msec_timer_cback)
                  000144b8    00000038                                                      : osal.obj (.text:osal_msg_enqueue)
                  000144f0    00000038                                                      : osal.obj (.text:osal_start_system)
                  00014528    00000038                                                      : osal_timers.obj (.text:osal_stop_timerEx)
                  00014560    00000038     drivers_cc26x2.aem4f : UARTCC26XX.oem4f (.text:readData)
                  00014598    00000038     rtsv7M4_T_le_v4SPD16_eabi.lib : fs_tod_t2.asm.obj (.text)
                  000145d0    00000038     rom_sysbios.aem4f : rom_sysbios.obj (.text:ti_sysbios_family_arm_cc26xx_Timer_getCurrentTick__E)
                  00014608    00000038     drivers_cc26x2.aem4f : UARTCC26XX.oem4f (.text:writeData)
                  00014640    00000036     grlib.a : display.obj (.text:Graphics_drawHorizontalLineOnDisplay)
                  00014676    00000036     icall.obj (.text:ICall_setTimerMSecs)
                  000146ac    00000036     drivers_cc26x2.aem4f : UDMACC26XX.oem4f (.text:UDMACC26XX_close)
                  000146e2    00000034     display.aem4f : DisplaySharp.oem4f (.text:DisplaySharp_close)
                  00014716    00000034     ble5_simple_central_cc2652rblp_stack_library.lib : gapbondmgr.obj (.text:GAPBondMgr_Pair)
                  0001474a    00000002     --HOLE-- [fill = 0]
                  0001474c    00000034                                                      : gattservapp_util.obj (.text:GATTServApp_InitCharCfg)
                  00014780    00000034     icall.obj (.text:ICall_primRepostSync)
                  000147b4    00000034     icall.obj (.text:ICall_searchService)
                  000147e8    00000034     driverlib.lib : aux_sysif.obj (.text:NOROM_AUXSYSIFOpModeChange)
                  0001481c    00000034                   : sys_ctrl.obj (.text:NOROM_SysCtrlIdle)
                  00014850    00000034     drivers_cc26x2.aem4f : PowerCC26X2.oem4f (.text:Power_releaseConstraint)
                  00014884    00000034                          : PowerCC26X2.oem4f (.text:Power_setConstraint)
                  000148b8    00000034     rf_multiMode_cc26x2.aem4f : RFCC26X2_multiMode.oem4f (.text:RF_cacheFsCmd)
                  000148ec    00000034                               : RFCC26X2_multiMode.oem4f (.text:RF_checkCmdFsError)
                  00014920    00000034                               : RFCC26X2_multiMode.oem4f (.text:RF_powerConstraintRelease)
                  00014954    00000034                               : RFCC26X2_multiMode.oem4f (.text:RF_ratGenerateIoCmd)
                  00014988    00000034                               : RFCC26X2_multiMode.oem4f (.text:RF_runDirectImmediateCmd)
                  000149bc    00000034     ble5_simple_central_cc2652rblp_stack_library.lib : gapbondmgr.obj (.text:gapBondStateEnd)
                  000149f0    00000034     hci_tl_none.a : hci_tl.o (.text)
                  00014a24    00000034     ll_xcxx.a : ll_scheduler.o (.text)
                  00014a58    00000034     ble5_simple_central_cc2652rblp_stack_library.lib : osal_timers.obj (.text:osal_get_timeoutEx)
                  00014a8c    00000034     drivers_cc26x2.aem4f : UARTCC26XX.oem4f (.text:readData2RingBuf)
                  00014ac0    00000034     ble5_simple_central_cc2652rblp_stack_library.lib : icall_startup.obj (.text:startup_entry)
                  00014af4    00000034     rom_sysbios.aem4f : rom_sysbios.obj (.text:ti_sysbios_knl_Swi_setPri__E)
                  00014b28    00000032     simple_central.obj (.text:SimpleCentral_handleKeys)
                  00014b5a    00000032     rom_sysbios.aem4f : rom_sysbios.obj (.text:ti_sysbios_family_arm_cc26xx_Timer_setNextTick__E)
                  00014b8c    00000032                       : rom_sysbios.obj (.text:ti_sysbios_gates_GateMutexPri_insertPri__I)
                  00014bbe    00000002     --HOLE-- [fill = 0]
                  00014bc0    00000030     ble5_simple_central_cc2652rblp_stack_library.lib : gapbondmgr.obj (.text:GAPBondMgr_PasscodeRsp)
                  00014bf0    00000030     drivers_cc26x2.aem4f : GPIOCC26XX.oem4f (.text:GPIO_hwiIntFxn)
                  00014c20    00000030                          : NVSCC26XX.oem4f (.text:NVSCC26XX_erase)
                  00014c50    00000030                          : PINCC26XX.oem4f (.text:PINCC26XX_setMux)
                  00014c80    00000030     rf_multiMode_cc26x2.aem4f : RFCC26X2_multiMode.oem4f (.text:RF_calculateDeltaTimeUs)
                  00014cb0    00000030                               : RFCC26X2_multiMode.oem4f (.text:RF_extractPaConfiguration)
                  00014ce0    00000030     simple_central.obj (.text:SimpleCentral_doDiscoverDevices)
                  00014d10    00000030     TRNGCC26XX.obj (.text:TRNGCC26XX_init)
[...]
20000f64  encHandleECB                                                       
20000f68  resolvingList                                                      
20000f6c  wlTable                                                            
20000f70  wlTableScan                                                        
20000f74  pPairingParams                                                     
20000f78  pfnResponderCBs                                                    
20000f7c  pfnInitiatorCBs                                                    
20000f80  pSmResponderCBs                                                    
20000f84  attrLen                                                            
20000f86  numHostBufs                                                        
20000f88  rfCmdHandle                                                        
20000f8a  connInitialMaxTxOctets                                             
20000f8c  connInitialMaxTxTime                                               
20000f8e  connInitialMaxTxTimeUncoded                                        
20000f90  connInitialMaxTxTimeCoded                                          
20000f92  supportedMaxTxOctets                                               
20000f94  supportedMaxTxTime                                                 
20000f96  supportedMaxRxOctets                                               
20000f98  supportedMaxRxTime                                                 
20000f9a  taskEndStatus                                                      
20000f9c  postRfOperations                                                   
20000f9e  buildInfo                                                          
20000fa0  rfCfgAdiVal                                                        
20000fa4  att_sendRspOnly                                                    
20000fa5  advCount                                                           
20000fa6  updateState                                                        
20000fa7  advInit                                                            
20000fa8  gapProfileRole                                                     
20000fa9  gapDeviceAddrMode                                                  
20000faa  gapState                                                           
20000fab  terminateReason                                                    
20000fac  gapScanMaxNumReport                                                
20000fad  gapScanEndReason                                                   
20000fae  gapScanPackedAdvRptSize                                            
20000faf  fltPduTypeWanted                                                   
20000fb0  fltPduTypeMask                                                     
20000fb1  gapTaskID                                                          
20000fb2  gattNumConns                                                       
20000fb3  gattTaskID                                                         
20000fb4  GATTServApp_TaskID                                                 
20000fb5  maxNumPrepareWrites                                                
20000fb6  hciPTMenabled                                                      
20000fb7  ctrlToHostEnable                                                   
20000fb8  l2capFlowCtrlMode                                                  
20000fb9  l2capTaskID                                                        
20000fba  l2capNumChannels                                                   
20000fbb  l2capNumDataPkts                                                   
20000fbc  l2capNumPSM                                                        
20000fbd  l2capNumCoChannels                                                 
20000fbe  l2cap_gattServAppTaskID                                            
20000fbf  l2capId                                                            
20000fc1  linkDBNumConns                                                     
20000fc2  linkDB_secureConnectionOnlyMode                                    
20000fc3  maxPduSize                                                         
20000fc4  rfFeModeBias                                                       
20000fc5  defaultPhy                                                         
20000fc6  maxNumTxDataBufs                                                   
20000fc7  LL_TaskID                                                          
20000fc8  llState                                                            
20000fc9  rssiCorrection                                                     
20000fca  curTxPowerVal                                                      
20000fcb  maxTxPwrForDTM                                                     
20000fcc  onePktPerEvt                                                       
20000fcd  numComplPkts                                                       
20000fce  numComplPktsLimit                                                  
20000fcf  numComplPktsFlush                                                  
20000fd0  fastTxRespTime                                                     
20000fd1  slOverride                                                         
20000fd2  rxFifoFlowCtrl                                                     
20000fd3  numTxDataBufs                                                      
20000fd4  maxNumConns                                                        
20000fd5  aeCurHandle                                                        
20000fd6  aeCurAdvEnableHandle                                               
20000fd7  aeCurConnHandle                                                    
20000fd8  extScanIndex                                                       
20000fd9  extInitIndex                                                       
20000fda  scanState                                                          
20000fdb  lastPrimPhy                                                        
20000fdc  lastScanRsp                                                        
20000fdd  smTaskID                                                           
20000fde  SM_appExpectingKey                                                 
20001b20  ROM_stateStruct                                                    
20001b20  ti_sysbios_knl_Clock_Module__state__V                              
20001b4c  ti_sysbios_family_arm_cc26xx_TimestampProvider_Module__state__V    
20001b50  xdc_runtime_Startup_Module__state__V                               
20001b58  xdc_runtime_Registry_Module__state__V                              
20001b60  ti_sysbios_BIOS_Module__state__V                                   
20001b84  ti_sysbios_knl_Swi_Module__state__V                                
20001ba0  ti_sysbios_knl_Task_Module__state__V                               
20001be4  xdc_runtime_Memory_Module__state__V                                
20001be8  xdc_runtime_System_Module__state__V                                
20001bf0  ti_sysbios_family_arm_m3_Hwi_Module__state__V                      
20001c24  ti_sysbios_family_arm_cc26xx_Timer_Module__state__V                
20001c3a  gapBond_removeLRUBond                                              
20001c3b  gapBond_syncRL                                                     
20001c44  gapBondStateNodeHead                                               
20001c56  gapBond_lruBondList                                                
20001d2c  PowerCC26X2_module                                                 
20001e18  gapAttrTbl                                                         
20001ea8  baseTaskID                                                         
20001eac  cbTimers                                                           
20001f24  llUserConfig                                                       
20001f74  scMenuConnect                                                      
20001fc4  scMenuSelectConn                                                   
20002014  ti_sysbios_knl_Task_Object__table__V                               
20002060  scMenuMain                                                         
200020a8  scMenuPerConn                                                      
200020f0  ti_sysbios_family_arm_cc26xx_Timer_Object__table__V                
20002138  scMenuConnPhy                                                      
20002170  ti_sysbios_gates_GateMutex_Object__table__V                        
200021a8  gpioPinConfigs                                                     
200021d8  scMenuGattWrite                                                    
20002208  ti_sysbios_knl_Swi_Module_State_0_readyQ__A                        
20002238  ti_sysbios_knl_Swi_Object__table__V                                
20002268  ti_sysbios_knl_Task_Module_State_0_readyQ__A                       
2000229c  osal_qHead                                                         
200022a0  osal_eventloop_hook                                                
200022a4  osal_icallMsg_hook                                                 
200022a8  osal_syncHandle                                                    
200022ac  osal_tickperiod                                                    
200022b0  osal_max_msecs                                                     
200022c0  nvintfFncStruct                                                    
200022e8  scMenuAutoConnect                                                  
20002310  eccParams_NISTP256                                                 
20002330  scMenuScanPhy                                                      
20002350  ti_sysbios_knl_Clock_Object__table__V                              
20002370  xdc_runtime_Error_IgnoreBlock                                      
20002390  ICall_enterCriticalSection                                         
20002394  ICall_leaveCriticalSection                                         
20002398  heapmgrMemFreeTotal                                                
200023a8  ICall_dispatcher                                                   
200023ac  dispHandle                                                         
200023bc  autoConnect                                                        
200023c4  ti_sysbios_family_arm_m3_Hwi_Object__table__V                      
200023dc  bleAppServiceInfoTable                                             
200023ec  gpioCallbackFunctions                                              
200023fc  pfnBMAlloc                                                         
20002400  pfnBMFree                                                          
20002404  pRfErrCb                                                           
20002408  lastAppOpcodeIdxSent                                               
2000240c  rfMode                                                             
2000241c  sizeInfo                                                           
2000242c  gattAttrTbl                                                        
2000243c  user0Cfg                                                           
2000244c  keyPinsCfg                                                         
20002458  pOverridesCoded                                                    
20002464  ti_sysbios_heaps_HeapCallback_Object__table__V                     
20002470  assertSubcause                                                     
20002471  legacyMode                                                         
20002474  halAssertCback                                                     
2000247c  OSAL_timeSeconds                                                   
20002480  _lock                                                              
20002484  _unlock                                                            
20002490  pinUpperBound                                                      
20002494  pinLowerBound                                                      
200024a0  pOverridesCommon                                                   
200024a8  ti_sysbios_family_arm_m3_Hwi_Module__root__V                       
200024b0  ti_sysbios_gates_GateHwi_Module__root__V                           
200024b8  ti_sysbios_gates_GateMutexPri_Module__root__V                      
200024c0  ti_sysbios_gates_GateMutex_Module__root__V                         
200024c8  ti_sysbios_hal_Hwi_Module__root__V                                 
200024d0  ti_sysbios_heaps_HeapCallback_Module__root__V                      
200024d8  ti_sysbios_heaps_HeapMem_Module__root__V                           
200024e0  ti_sysbios_knl_Clock_Module__root__V                               
200024e8  ti_sysbios_knl_Event_Module__root__V                               
200024f0  ti_sysbios_knl_Mailbox_Module__root__V                             
200024f8  ti_sysbios_knl_Queue_Module__root__V                               
20002500  ti_sysbios_knl_Semaphore_Module__root__V                           
20002508  ti_sysbios_knl_Swi_Module__root__V                                 
20002510  ti_sysbios_knl_Task_Module__root__V                                
20002538  gapAppTaskID                                                       
20002539  gapEndAppTaskID                                                    
2000253c  pwrmgr_initialized                                                 
2000253e  pwrmgr_attribute                                                   
20002548  icallServiceTblPtr                                                 
20002550  appAssertCback                                                     
20002554  appKeyChangeHandler                                                
2000255c  pOverrides1Mbps                                                    
20002560  pOverrides2Mbps                                                    
20002564  errno                                                              
20002568  main_func_sp                                                       
2000256c  ti_sysbios_family_arm_m3_Hwi_Module_State_0_excContext__A          
20002570  ti_sysbios_family_arm_m3_Hwi_Module_State_0_excStack__A            
20002574  ti_sysbios_knl_Task_Module_State_0_idleTask__A                     
20002578  CryptoResourceCC26XX_pollingFlag                                   
2000257a  PKAResourceCC26XX_pollingFlag                                      
2000257c  ti_sysbios_family_arm_m3_Hwi_Module_State_0_excActive__A           
20002585  rfRatHandle                                                        
20002586  deviceNameCharProps                                                
20002587  appearanceCharProps                                                
20002588  centAddrResCharProps                                               
20002589  centAddrRes                                                        
2000258a  resolvablePrivateAddressOnlyCharProps                              
20002a10  scTaskStack                                                        
20002e10  ti_sysbios_knl_Task_Instance_State_0_stack__A                      
20003110  uartCC26XXObjects                                                  
20003560  spiCC26X2DMAObjects                                                
20003708  ti_sysbios_family_arm_m3_Hwi_dispatchTable                         
200038e0  pinHandleTable                                                     
200039c8  scTask                                                             
20003a60  displaySharpObject                                                 
20003aa4  uartCC26XXRingBuffer                                               
20003ba8  nvFptrs                                                            
20003ce4  ecdhCC26X2Objects                                                  
20003d04  udmaObjects                                                        
20003db0  CryptoResourceCC26XX_accessSemaphore                               
20003dcc  CryptoResourceCC26XX_hwi                                           
20003de8  CryptoResourceCC26XX_operationSemaphore                            
20003e04  PKAResourceCC26XX_accessSemaphore                                  
20003e20  PKAResourceCC26XX_hwi                                              
20003e3c  PKAResourceCC26XX_operationSemaphore                               
20003e74  deviceName                                                         
20003ebc  aesccmCC26XXObjects                                                
20003ed4  aesecbCC26XXObjects                                                
20003f02  appearance                                                         
20003f60  timerHead                                                          
20003f64  osal_last_timestamp                                                
20003fb4  llTaskList                                                         
20003fc0  displayUartObject                                                  
20003fcc  keyPins                                                            
20003ffc  extStackSettings                                                   
20004000  ggs_AppCBs                                                         
20004004  ClockP_tickPeriod                                                  
20004008  HEAPMGR_SIZE                                                       
2000400c  PowerCC26XX_swiKey                                                 
20004010  PowerCC26XX_taskKey                                                
20004014  hKeyPins                                                           
20004018  nvsCC26xxObjects                                                   
2000401c  tasksEvents                                                        
20004020  trngCC26XXObjects                                                  
20004024  hciTaskID                                                          
20004025  hciL2capTaskID                                                     
20004026  hciGapTaskID                                                       
20004027  hciSmpTaskID                                                       
20004028  hciTestTaskID                                                      
20004029  wlSize                                                             
2000402a  rlSize                                                             
2000402b  resolvablePrivateAddressOnly                                       
2000402c  driverlib_release_0_54539                                          
2000402d  icall_liteTaskId                                                   
2000402e  osal_entity                                                        
2000402f  tbmRowItemLast                                                     
20004030  heapStart                                                          
20013c00  __stack                                                            
20013c00  heapEnd                                                            
20014000  __STACK_END                                                        
20014000  __STACK_TOP                                                        
e000e000  ti_sysbios_family_arm_m3_Hwi_nvic                                  
ffffffff  __TI_pprof_out_hndl                                                
ffffffff  __TI_prof_data_size                                                
ffffffff  __TI_prof_data_start                                               
ffffffff  __binit__                                                          
ffffffff  __c_args__                                                         
ffffffff  binit                                                              
UNDEFED   SHT$$INIT_ARRAY$$Base                                              
UNDEFED   SHT$$INIT_ARRAY$$Limit                                             

[2910 symbols]
